Component: ARM Compiler 5.06 update 1 (build 61) Tool: armlink [4d35a8]

==============================================================================

Section Cross References

    main.o(i.HAL_Delay) refers to stm32l4xx_hal.o(i.HAL_GetTick) for HAL_GetTick
    main.o(i.HAL_GPIO_EXTI_Callback) refers to hci.o(i.HCI_Isr) for HCI_Isr
    main.o(i.HAL_GPIO_EXTI_Callback) refers to main.o(.data) for HCI_ProcessEvent
    main.o(i.HAL_TIM_OC_DelayElapsedCallback) refers to stm32l4xx_hal_tim.o(i.HAL_TIM_ReadCapturedValue) for HAL_TIM_ReadCapturedValue
    main.o(i.HAL_TIM_OC_DelayElapsedCallback) refers to main.o(.bss) for TimCCHandle
    main.o(i.HAL_TIM_OC_DelayElapsedCallback) refers to main.o(.data) for SendEnv
    main.o(i.HAL_TIM_PeriodElapsedCallback) refers to usbd_cdc_interface.o(i.CDC_TIM_PeriodElapsedCallback) for CDC_TIM_PeriodElapsedCallback
    main.o(i.HAL_TIM_PeriodElapsedCallback) refers to usbd_cdc_interface.o(.bss) for TimHandle
    main.o(i.InitTimers) refers to stm32l4xx_hal_tim.o(i.HAL_TIM_OC_Init) for HAL_TIM_OC_Init
    main.o(i.InitTimers) refers to main.o(i.Error_Handler) for Error_Handler
    main.o(i.InitTimers) refers to stm32l4xx_hal_tim.o(i.HAL_TIM_OC_ConfigChannel) for HAL_TIM_OC_ConfigChannel
    main.o(i.InitTimers) refers to system_stm32l4xx.o(.data) for SystemCoreClock
    main.o(i.InitTimers) refers to main.o(.bss) for TimCCHandle
    main.o(i.Init_BlueNRG_Custom_Services) refers to sensor_service.o(i.Add_HWServW2ST_Service) for Add_HWServW2ST_Service
    main.o(i.Init_BlueNRG_Custom_Services) refers to printf8.o(i.__0sprintf$8) for __2sprintf
    main.o(i.Init_BlueNRG_Custom_Services) refers to usbd_cdc_interface.o(i.CDC_Fill_Buffer) for CDC_Fill_Buffer
    main.o(i.Init_BlueNRG_Custom_Services) refers to sensor_service.o(i.Add_ConfigW2ST_Service) for Add_ConfigW2ST_Service
    main.o(i.Init_BlueNRG_Stack) refers to sensortile_bluenrg.o(i.BNRG_SPI_Init) for BNRG_SPI_Init
    main.o(i.Init_BlueNRG_Stack) refers to hci.o(i.HCI_Init) for HCI_Init
    main.o(i.Init_BlueNRG_Stack) refers to sensortile_bluenrg.o(i.BlueNRG_RST) for BlueNRG_RST
    main.o(i.Init_BlueNRG_Stack) refers to bluenrg_utils.o(i.getBlueNRGVersion) for getBlueNRGVersion
    main.o(i.Init_BlueNRG_Stack) refers to bluenrg_utils.o(i.program_IFR) for program_IFR
    main.o(i.Init_BlueNRG_Stack) refers to printf8.o(i.__0sprintf$8) for __2sprintf
    main.o(i.Init_BlueNRG_Stack) refers to usbd_cdc_interface.o(i.CDC_Fill_Buffer) for CDC_Fill_Buffer
    main.o(i.Init_BlueNRG_Stack) refers to bluenrg_utils.o(i.read_IFR) for read_IFR
    main.o(i.Init_BlueNRG_Stack) refers to bluenrg_hal_aci.o(i.aci_hal_tone_start) for aci_hal_tone_start
    main.o(i.Init_BlueNRG_Stack) refers to targetplatform.o(.bss) for TargetBoardFeatures
    main.o(i.Init_BlueNRG_Stack) refers to bluenrg_ifr.o(.constdata) for IFR_config
    main.o(i.SendEnvironmentalData) refers to printf8.o(i.__0sprintf$8) for __2sprintf
    main.o(i.SendEnvironmentalData) refers to sensor_service.o(i.Term_Update) for Term_Update
    main.o(i.SendEnvironmentalData) refers to usbd_cdc_interface.o(i.CDC_Fill_Buffer) for CDC_Fill_Buffer
    main.o(i.SendEnvironmentalData) refers to sensortile_pressure.o(i.BSP_PRESSURE_IsInitialized) for BSP_PRESSURE_IsInitialized
    main.o(i.SendEnvironmentalData) refers to sensortile_pressure.o(i.BSP_PRESSURE_Get_Press) for BSP_PRESSURE_Get_Press
    main.o(i.SendEnvironmentalData) refers to sensortile_humidity.o(i.BSP_HUMIDITY_IsInitialized) for BSP_HUMIDITY_IsInitialized
    main.o(i.SendEnvironmentalData) refers to sensortile_humidity.o(i.BSP_HUMIDITY_Get_Hum) for BSP_HUMIDITY_Get_Hum
    main.o(i.SendEnvironmentalData) refers to sensortile_temperature.o(i.BSP_TEMPERATURE_IsInitialized) for BSP_TEMPERATURE_IsInitialized
    main.o(i.SendEnvironmentalData) refers to sensortile_temperature.o(i.BSP_TEMPERATURE_Get_Temp) for BSP_TEMPERATURE_Get_Temp
    main.o(i.SendEnvironmentalData) refers to sensor_service.o(i.Environmental_Update) for Environmental_Update
    main.o(i.SendEnvironmentalData) refers to main.o(.data) for ConnectionBleStatus
    main.o(i.SendEnvironmentalData) refers to main.o(.bss) for BufferToWrite
    main.o(i.SendEnvironmentalData) refers to targetplatform.o(.bss) for TargetBoardFeatures
    main.o(i.SystemClock_Config) refers to memseta.o(.text) for __aeabi_memclr4
    main.o(i.SystemClock_Config) refers to stm32l4xx_hal_pwr.o(i.HAL_PWR_EnableBkUpAccess) for HAL_PWR_EnableBkUpAccess
    main.o(i.SystemClock_Config) refers to stm32l4xx_hal_rcc.o(i.HAL_RCC_OscConfig) for HAL_RCC_OscConfig
    main.o(i.SystemClock_Config) refers to stm32l4xx_hal_rcc_ex.o(i.HAL_RCCEx_DisableLSECSS) for HAL_RCCEx_DisableLSECSS
    main.o(i.SystemClock_Config) refers to stm32l4xx_hal_rcc_ex.o(i.HAL_RCCEx_EnableMSIPLLMode) for HAL_RCCEx_EnableMSIPLLMode
    main.o(i.SystemClock_Config) refers to stm32l4xx_hal_rcc_ex.o(i.HAL_RCCEx_PeriphCLKConfig) for HAL_RCCEx_PeriphCLKConfig
[...]
    _printf_o                                0x00000000   Number         0  stubs.o ABSOLUTE
    _printf_p                                0x00000000   Number         0  stubs.o ABSOLUTE
    _printf_percent                          0x00000000   Number         0  stubs.o ABSOLUTE
    _printf_pre_padding                      0x00000000   Number         0  stubs.o ABSOLUTE
    _printf_return_value                     0x00000000   Number         0  stubs.o ABSOLUTE
    _printf_s                                0x00000000   Number         0  stubs.o ABSOLUTE
    _printf_sizespec                         0x00000000   Number         0  stubs.o ABSOLUTE
    _printf_str                              0x00000000   Number         0  stubs.o ABSOLUTE
    _printf_truncate_signed                  0x00000000   Number         0  stubs.o ABSOLUTE
    _printf_truncate_unsigned                0x00000000   Number         0  stubs.o ABSOLUTE
    _printf_u                                0x00000000   Number         0  stubs.o ABSOLUTE
    _printf_wc                               0x00000000   Number         0  stubs.o ABSOLUTE
    _printf_wctomb                           0x00000000   Number         0  stubs.o ABSOLUTE
    _printf_widthprec                        0x00000000   Number         0  stubs.o ABSOLUTE
    _printf_x                                0x00000000   Number         0  stubs.o ABSOLUTE
    __cpp_initialize__aeabi_                  - Undefined Weak Reference
    __cxa_finalize                            - Undefined Weak Reference
    _clock_init                               - Undefined Weak Reference
    _microlib_exit                            - Undefined Weak Reference
    __Vectors_Size                           0x00000188   Number         0  startup_stm32l476xx.o ABSOLUTE
    __Vectors                                0x08000000   Data           4  startup_stm32l476xx.o(RESET)
    __Vectors_End                            0x08000188   Data           0  startup_stm32l476xx.o(RESET)
    __main                                   0x08000189   Thumb Code     0  entry.o(.ARM.Collect$$$$00000000)
    _main_stk                                0x08000189   Thumb Code     0  entry2.o(.ARM.Collect$$$$00000001)
    _main_scatterload                        0x0800018d   Thumb Code     0  entry5.o(.ARM.Collect$$$$00000004)
    __main_after_scatterload                 0x08000191   Thumb Code     0  entry5.o(.ARM.Collect$$$$00000004)
    _main_clock                              0x08000191   Thumb Code     0  entry7b.o(.ARM.Collect$$$$00000008)
    _main_cpp_init                           0x08000191   Thumb Code     0  entry8b.o(.ARM.Collect$$$$0000000A)
    _main_init                               0x08000191   Thumb Code     0  entry9a.o(.ARM.Collect$$$$0000000B)
    __rt_final_cpp                           0x08000199   Thumb Code     0  entry10a.o(.ARM.Collect$$$$0000000D)
    __rt_final_exit                          0x08000199   Thumb Code     0  entry11a.o(.ARM.Collect$$$$0000000F)
    Reset_Handler                            0x0800019d   Thumb Code     8  startup_stm32l476xx.o(.text)
    ADC1_2_IRQHandler                        0x080001b7   Thumb Code     0  startup_stm32l476xx.o(.text)
    ADC3_IRQHandler                          0x080001b7   Thumb Code     0  startup_stm32l476xx.o(.text)
    CAN1_RX0_IRQHandler                      0x080001b7   Thumb Code     0  startup_stm32l476xx.o(.text)
    CAN1_RX1_IRQHandler                      0x080001b7   Thumb Code     0  startup_stm32l476xx.o(.text)
    CAN1_SCE_IRQHandler                      0x080001b7   Thumb Code     0  startup_stm32l476xx.o(.text)
    CAN1_TX_IRQHandler                       0x080001b7   Thumb Code     0  startup_stm32l476xx.o(.text)
    COMP_IRQHandler                          0x080001b7   Thumb Code     0  startup_stm32l476xx.o(.text)
    DFSDM1_FLT0_IRQHandler                   0x080001b7   Thumb Code     0  startup_stm32l476xx.o(.text)
    DFSDM1_FLT1_IRQHandler                   0x080001b7   Thumb Code     0  startup_stm32l476xx.o(.text)
    DFSDM1_FLT2_IRQHandler                   0x080001b7   Thumb Code     0  startup_stm32l476xx.o(.text)
    DFSDM1_FLT3_IRQHandler                   0x080001b7   Thumb Code     0  startup_stm32l476xx.o(.text)
    DMA1_Channel1_IRQHandler                 0x080001b7   Thumb Code     0  startup_stm32l476xx.o(.text)
    DMA1_Channel2_IRQHandler                 0x080001b7   Thumb Code     0  startup_stm32l476xx.o(.text)
    DMA1_Channel3_IRQHandler                 0x080001b7   Thumb Code     0  startup_stm32l476xx.o(.text)
    DMA1_Channel4_IRQHandler                 0x080001b7   Thumb Code     0  startup_stm32l476xx.o(.text)
    DMA1_Channel5_IRQHandler                 0x080001b7   Thumb Code     0  startup_stm32l476xx.o(.text)
    DMA1_Channel6_IRQHandler                 0x080001b7   Thumb Code     0  startup_stm32l476xx.o(.text)
    DMA1_Channel7_IRQHandler                 0x080001b7   Thumb Code     0  startup_stm32l476xx.o(.text)
    DMA2_Channel1_IRQHandler                 0x080001b7   Thumb Code     0  startup_stm32l476xx.o(.text)
    DMA2_Channel2_IRQHandler                 0x080001b7   Thumb Code     0  startup_stm32l476xx.o(.text)
    DMA2_Channel3_IRQHandler                 0x080001b7   Thumb Code     0  startup_stm32l476xx.o(.text)
    DMA2_Channel4_IRQHandler                 0x080001b7   Thumb Code     0  startup_stm32l476xx.o(.text)
    DMA2_Channel5_IRQHandler                 0x080001b7   Thumb Code     0  startup_stm32l476xx.o(.text)
    DMA2_Channel6_IRQHandler                 0x080001b7   Thumb Code     0  startup_stm32l476xx.o(.text)
    DMA2_Channel7_IRQHandler                 0x080001b7   Thumb Code     0  startup_stm32l476xx.o(.text)
    EXTI0_IRQHandler                         0x080001b7   Thumb Code     0  startup_stm32l476xx.o(.text)
    EXTI15_10_IRQHandler                     0x080001b7   Thumb Code     0  startup_stm32l476xx.o(.text)
    EXTI1_IRQHandler                         0x080001b7   Thumb Code     0  startup_stm32l476xx.o(.text)
    EXTI2_IRQHandler                         0x080001b7   Thumb Code     0  startup_stm32l476xx.o(.text)
    EXTI3_IRQHandler                         0x080001b7   Thumb Code     0  startup_stm32l476xx.o(.text)
    EXTI4_IRQHandler                         0x080001b7   Thumb Code     0  startup_stm32l476xx.o(.text)
    FLASH_IRQHandler                         0x080001b7   Thumb Code     0  startup_stm32l476xx.o(.text)
    FMC_IRQHandler                           0x080001b7   Thumb Code     0  startup_stm32l476xx.o(.text)
    FPU_IRQHandler                           0x080001b7   Thumb Code     0  startup_stm32l476xx.o(.text)
    I2C1_ER_IRQHandler                       0x080001b7   Thumb Code     0  startup_stm32l476xx.o(.text)
    I2C1_EV_IRQHandler                       0x080001b7   Thumb Code     0  startup_stm32l476xx.o(.text)
    I2C2_ER_IRQHandler                       0x080001b7   Thumb Code     0  startup_stm32l476xx.o(.text)
    I2C2_EV_IRQHandler                       0x080001b7   Thumb Code     0  startup_stm32l476xx.o(.text)
    I2C3_ER_IRQHandler                       0x080001b7   Thumb Code     0  startup_stm32l476xx.o(.text)
    I2C3_EV_IRQHandler                       0x080001b7   Thumb Code     0  startup_stm32l476xx.o(.text)
    LCD_IRQHandler                           0x080001b7   Thumb Code     0  startup_stm32l476xx.o(.text)
    LPTIM1_IRQHandler                        0x080001b7   Thumb Code     0  startup_stm32l476xx.o(.text)
    LPTIM2_IRQHandler                        0x080001b7   Thumb Code     0  startup_stm32l476xx.o(.text)
    LPUART1_IRQHandler                       0x080001b7   Thumb Code     0  startup_stm32l476xx.o(.text)
    PVD_PVM_IRQHandler                       0x080001b7   Thumb Code     0  startup_stm32l476xx.o(.text)
    QUADSPI_IRQHandler                       0x080001b7   Thumb Code     0  startup_stm32l476xx.o(.text)
    RCC_IRQHandler                           0x080001b7   Thumb Code     0  startup_stm32l476xx.o(.text)
    RNG_IRQHandler                           0x080001b7   Thumb Code     0  startup_stm32l476xx.o(.text)
    RTC_Alarm_IRQHandler                     0x080001b7   Thumb Code     0  startup_stm32l476xx.o(.text)
    RTC_WKUP_IRQHandler                      0x080001b7   Thumb Code     0  startup_stm32l476xx.o(.text)
    SAI1_IRQHandler                          0x080001b7   Thumb Code     0  startup_stm32l476xx.o(.text)
    SAI2_IRQHandler                          0x080001b7   Thumb Code     0  startup_stm32l476xx.o(.text)
    SDMMC1_IRQHandler                        0x080001b7   Thumb Code     0  startup_stm32l476xx.o(.text)
    SPI1_IRQHandler                          0x080001b7   Thumb Code     0  startup_stm32l476xx.o(.text)
    SPI2_IRQHandler                          0x080001b7   Thumb Code     0  startup_stm32l476xx.o(.text)
    SPI3_IRQHandler                          0x080001b7   Thumb Code     0  startup_stm32l476xx.o(.text)
    SWPMI1_IRQHandler                        0x080001b7   Thumb Code     0  startup_stm32l476xx.o(.text)
    TAMP_STAMP_IRQHandler                    0x080001b7   Thumb Code     0  startup_stm32l476xx.o(.text)
    TIM1_BRK_TIM15_IRQHandler                0x080001b7   Thumb Code     0  startup_stm32l476xx.o(.text)
    TIM1_TRG_COM_TIM17_IRQHandler            0x080001b7   Thumb Code     0  startup_stm32l476xx.o(.text)
    TIM1_UP_TIM16_IRQHandler                 0x080001b7   Thumb Code     0  startup_stm32l476xx.o(.text)
    TIM2_IRQHandler                          0x080001b7   Thumb Code     0  startup_stm32l476xx.o(.text)
    TIM4_IRQHandler                          0x080001b7   Thumb Code     0  startup_stm32l476xx.o(.text)
    TIM5_IRQHandler                          0x080001b7   Thumb Code     0  startup_stm32l476xx.o(.text)
    TIM6_DAC_IRQHandler                      0x080001b7   Thumb Code     0  startup_stm32l476xx.o(.text)
    TIM7_IRQHandler                          0x080001b7   Thumb Code     0  startup_stm32l476xx.o(.text)
    TIM8_BRK_IRQHandler                      0x080001b7   Thumb Code     0  startup_stm32l476xx.o(.text)
    TIM8_CC_IRQHandler                       0x080001b7   Thumb Code     0  startup_stm32l476xx.o(.text)
    TIM8_TRG_COM_IRQHandler                  0x080001b7   Thumb Code     0  startup_stm32l476xx.o(.text)
    TIM8_UP_IRQHandler                       0x080001b7   Thumb Code     0  startup_stm32l476xx.o(.text)
    TSC_IRQHandler                           0x080001b7   Thumb Code     0  startup_stm32l476xx.o(.text)
    UART4_IRQHandler                         0x080001b7   Thumb Code     0  startup_stm32l476xx.o(.text)
    UART5_IRQHandler                         0x080001b7   Thumb Code     0  startup_stm32l476xx.o(.text)
    USART1_IRQHandler                        0x080001b7   Thumb Code     0  startup_stm32l476xx.o(.text)
    USART2_IRQHandler                        0x080001b7   Thumb Code     0  startup_stm32l476xx.o(.text)
    USART3_IRQHandler                        0x080001b7   Thumb Code     0  startup_stm32l476xx.o(.text)
    WWDG_IRQHandler                          0x080001b7   Thumb Code     0  startup_stm32l476xx.o(.text)
    ___aeabi_memcpy8$ret                     0x080001c1   Thumb Code     0  memcpy.o(.text)
    __aeabi_memcpy                           0x080001c1   Thumb Code    40  memcpy.o(.text)
    __aeabi_memcpy4                          0x080001c1   Thumb Code     0  memcpy.o(.text)
    memcpy                                   0x080001c1   Thumb Code     0  memcpy.o(.text)
    __aeabi_memset                           0x080001e9   Thumb Code    14  memseta.o(.text)
    __aeabi_memset4                          0x080001e9   Thumb Code     0  memseta.o(.text)
    __aeabi_memset8                          0x080001e9   Thumb Code     0  memseta.o(.text)
    __aeabi_memclr                           0x080001f7   Thumb Code     4  memseta.o(.text)
    __aeabi_memclr4                          0x080001f7   Thumb Code     0  memseta.o(.text)
    __aeabi_memclr8                          0x080001f7   Thumb Code     0  memseta.o(.text)
    memset                                   0x080001fb   Thumb Code    18  memseta.o(.text)
    memcmp                                   0x0800020d   Thumb Code    26  memcmp.o(.text)
    __aeabi_uldivmod                         0x08000227   Thumb Code    98  uldiv.o(.text)
    __scatterload                            0x08000291   Thumb Code    28  init.o(.text)
    __scatterload_rt2                        0x08000291   Thumb Code     0  init.o(.text)
    __aeabi_llsl                             0x080002b5   Thumb Code    30  llshl.o(.text)
    _ll_shift_l                              0x080002b5   Thumb Code     0  llshl.o(.text)
    __aeabi_llsr                             0x080002d3   Thumb Code    32  llushr.o(.text)
    _ll_ushift_r                             0x080002d3   Thumb Code     0  llushr.o(.text)
    __decompress                             0x080002f3   Thumb Code     0  __dczerorl2.o(.text)
    __decompress1                            0x080002f3   Thumb Code    86  __dczerorl2.o(.text)
    Add_ConfigW2ST_Service                   0x08000349   Thumb Code   260  sensor_service.o(i.Add_ConfigW2ST_Service)
    Add_HWServW2ST_Service                   0x08000455   Thumb Code   516  sensor_service.o(i.Add_HWServW2ST_Service)
    Attribute_Modified_CB                    0x0800066d   Thumb Code   526  sensor_service.o(i.Attribute_Modified_CB)
    BNRG_SPI_Init                            0x080008ed   Thumb Code    62  sensortile_bluenrg.o(i.BNRG_SPI_Init)
    BSP_HUMIDITY_Get_Hum                     0x08000935   Thumb Code    54  sensortile_humidity.o(i.BSP_HUMIDITY_Get_Hum)
    BSP_HUMIDITY_IsInitialized               0x0800096b   Thumb Code    24  sensortile_humidity.o(i.BSP_HUMIDITY_IsInitialized)
    BSP_LED_Init                             0x08000985   Thumb Code   140  sensortile.o(i.BSP_LED_Init)
    BSP_LED_Off                              0x08000a1d   Thumb Code    54  sensortile.o(i.BSP_LED_Off)
    BSP_LED_On                               0x08000a5d   Thumb Code    54  sensortile.o(i.BSP_LED_On)
    BSP_PRESSURE_Get_Press                   0x08000a9d   Thumb Code    54  sensortile_pressure.o(i.BSP_PRESSURE_Get_Press)
    BSP_PRESSURE_IsInitialized               0x08000ad3   Thumb Code    24  sensortile_pressure.o(i.BSP_PRESSURE_IsInitialized)
    BSP_TEMPERATURE_Get_Temp                 0x08000aeb   Thumb Code    54  sensortile_temperature.o(i.BSP_TEMPERATURE_Get_Temp)
    BSP_TEMPERATURE_IsInitialized            0x08000b21   Thumb Code    24  sensortile_temperature.o(i.BSP_TEMPERATURE_IsInitialized)
    BlueNRG_DataPresent                      0x08000b39   Thumb Code    20  sensortile_bluenrg.o(i.BlueNRG_DataPresent)
    BlueNRG_HW_Bootloader                    0x08000b51   Thumb Code    24  sensortile_bluenrg.o(i.BlueNRG_HW_Bootloader)
    BlueNRG_RST                              0x08000b69   Thumb Code    36  sensortile_bluenrg.o(i.BlueNRG_RST)
    BlueNRG_SPI_Read_All                     0x08000b91   Thumb Code   152  sensortile_bluenrg.o(i.BlueNRG_SPI_Read_All)
    BlueNRG_SPI_Write                        0x08000c39   Thumb Code   188  sensortile_bluenrg.o(i.BlueNRG_SPI_Write)
    BusFault_Handler                         0x08000d09   Thumb Code     4  stm32l4xx_it.o(i.BusFault_Handler)
    CDC_Fill_Buffer                          0x08000d0d   Thumb Code    46  usbd_cdc_interface.o(i.CDC_Fill_Buffer)
    CDC_TIM_PeriodElapsedCallback            0x08000e8d   Thumb Code    98  usbd_cdc_interface.o(i.CDC_TIM_PeriodElapsedCallback)
    Clear_SPI_EXTI_Flag                      0x08000f01   Thumb Code     8  sensortile_bluenrg.o(i.Clear_SPI_EXTI_Flag)
    Config_Notify                            0x0800100d   Thumb Code   152  sensor_service.o(i.Config_Notify)
    DebugMon_Handler                         0x080010dd   Thumb Code     2  stm32l4xx_it.o(i.DebugMon_Handler)
    Disable_SPI_IRQ                          0x080010df   Thumb Code    10  sensortile_bluenrg.o(i.Disable_SPI_IRQ)
    EXTI9_5_IRQHandler                       0x080010e9   Thumb Code    10  stm32l4xx_it.o(i.EXTI9_5_IRQHandler)
    Enable_SPI_IRQ                           0x080010f3   Thumb Code    10  sensortile_bluenrg.o(i.Enable_SPI_IRQ)
    Environmental_Update                     0x080010fd   Thumb Code   254  sensor_service.o(i.Environmental_Update)
    Error_Handler                            0x0800123d   Thumb Code     4  main.o(i.Error_Handler)
    HAL_Delay                                0x0800134d   Thumb Code    28  main.o(i.HAL_Delay)
    HAL_GPIO_EXTI_Callback                   0x08001369   Thumb Code    24  main.o(i.HAL_GPIO_EXTI_Callback)
    HAL_GPIO_EXTI_IRQHandler                 0x08001385   Thumb Code    24  stm32l4xx_hal_gpio.o(i.HAL_GPIO_EXTI_IRQHandler)
    HAL_GPIO_Init                            0x080013a1   Thumb Code   484  stm32l4xx_hal_gpio.o(i.HAL_GPIO_Init)
    HAL_GPIO_ReadPin                         0x080015a9   Thumb Code    16  stm32l4xx_hal_gpio.o(i.HAL_GPIO_ReadPin)
    HAL_GPIO_WritePin                        0x080015b9   Thumb Code    10  stm32l4xx_hal_gpio.o(i.HAL_GPIO_WritePin)
    HAL_GetHalVersion                        0x080015c5   Thumb Code     4  stm32l4xx_hal.o(i.HAL_GetHalVersion)
    HAL_GetTick                              0x080015cd   Thumb Code     6  stm32l4xx_hal.o(i.HAL_GetTick)
    HAL_I2C_DeInit                           0x080015d9   Thumb Code    60  stm32l4xx_hal_i2c.o(i.HAL_I2C_DeInit)
    HAL_I2C_GetState                         0x08001615   Thumb Code     8  stm32l4xx_hal_i2c.o(i.HAL_I2C_GetState)
    HAL_I2C_Init                             0x0800161d   Thumb Code   192  stm32l4xx_hal_i2c.o(i.HAL_I2C_Init)
    HAL_I2C_Mem_Read                         0x080016e1   Thumb Code   438  stm32l4xx_hal_i2c.o(i.HAL_I2C_Mem_Read)
    HAL_I2C_Mem_Write                        0x080018a5   Thumb Code   436  stm32l4xx_hal_i2c.o(i.HAL_I2C_Mem_Write)
    HAL_I2C_MspDeInit                        0x08001a63   Thumb Code     2  stm32l4xx_hal_i2c.o(i.HAL_I2C_MspDeInit)
    HAL_I2C_MspInit                          0x08001a65   Thumb Code     2  stm32l4xx_hal_i2c.o(i.HAL_I2C_MspInit)
    HAL_IncTick                              0x08001a69   Thumb Code    12  stm32l4xx_hal.o(i.HAL_IncTick)
    HAL_Init                                 0x08001a79   Thumb Code    22  stm32l4xx_hal.o(i.HAL_Init)
    HAL_InitTick                             0x08001a91   Thumb Code    36  stm32l4xx_hal.o(i.HAL_InitTick)
    HAL_MspInit                              0x08001ab9   Thumb Code     2  stm32l4xx_hal.o(i.HAL_MspInit)
    HAL_NVIC_DisableIRQ                      0x08001abd   Thumb Code    22  stm32l4xx_hal_cortex.o(i.HAL_NVIC_DisableIRQ)
    HAL_NVIC_EnableIRQ                       0x08001ad9   Thumb Code    26  stm32l4xx_hal_cortex.o(i.HAL_NVIC_EnableIRQ)
    HAL_NVIC_SetPriority                     0x08001af3   Thumb Code   124  stm32l4xx_hal_cortex.o(i.HAL_NVIC_SetPriority)
    HAL_NVIC_SetPriorityGrouping             0x08001b75   Thumb Code    32  stm32l4xx_hal_cortex.o(i.HAL_NVIC_SetPriorityGrouping)
    HAL_PCDEx_ActivateBCD                    0x08001b9d   Thumb Code    22  stm32l4xx_hal_pcd_ex.o(i.HAL_PCDEx_ActivateBCD)
    HAL_PCDEx_ActivateLPM                    0x08001bb5   Thumb Code    36  stm32l4xx_hal_pcd_ex.o(i.HAL_PCDEx_ActivateLPM)
    HAL_PCDEx_LPM_Callback                   0x08001bdd   Thumb Code     2  stm32l4xx_hal_pcd_ex.o(i.HAL_PCDEx_LPM_Callback)
    HAL_PCDEx_SetRxFiFo                      0x08001bdf   Thumb Code    10  stm32l4xx_hal_pcd_ex.o(i.HAL_PCDEx_SetRxFiFo)
    HAL_PCDEx_SetTxFiFo                      0x08001be9   Thumb Code    82  stm32l4xx_hal_pcd_ex.o(i.HAL_PCDEx_SetTxFiFo)
    HAL_PCD_ConnectCallback                  0x08001c3b   Thumb Code    14  usbd_conf.o(i.HAL_PCD_ConnectCallback)
    HAL_PCD_DataInStageCallback              0x08001c49   Thumb Code    32  usbd_conf.o(i.HAL_PCD_DataInStageCallback)
    HAL_PCD_DataOutStageCallback             0x08001c69   Thumb Code    32  usbd_conf.o(i.HAL_PCD_DataOutStageCallback)
    HAL_PCD_DisconnectCallback               0x08001c89   Thumb Code    14  usbd_conf.o(i.HAL_PCD_DisconnectCallback)
    HAL_PCD_EP_Close                         0x08001c97   Thumb Code   108  stm32l4xx_hal_pcd.o(i.HAL_PCD_EP_Close)
    HAL_PCD_EP_ClrStall                      0x08001d03   Thumb Code   106  stm32l4xx_hal_pcd.o(i.HAL_PCD_EP_ClrStall)
    HAL_PCD_EP_GetRxCount                    0x08001d6d   Thumb Code    24  stm32l4xx_hal_pcd.o(i.HAL_PCD_EP_GetRxCount)
    HAL_PCD_EP_Open                          0x08001d85   Thumb Code   126  stm32l4xx_hal_pcd.o(i.HAL_PCD_EP_Open)
    HAL_PCD_EP_Receive                       0x08001e03   Thumb Code    82  stm32l4xx_hal_pcd.o(i.HAL_PCD_EP_Receive)
    HAL_PCD_EP_SetStall                      0x08001e55   Thumb Code   124  stm32l4xx_hal_pcd.o(i.HAL_PCD_EP_SetStall)
    HAL_PCD_EP_Transmit                      0x08001ed1   Thumb Code    84  stm32l4xx_hal_pcd.o(i.HAL_PCD_EP_Transmit)
    HAL_PCD_IRQHandler                       0x08001f25   Thumb Code  1888  stm32l4xx_hal_pcd.o(i.HAL_PCD_IRQHandler)
    HAL_PCD_ISOINIncompleteCallback          0x080026b3   Thumb Code    18  usbd_conf.o(i.HAL_PCD_ISOINIncompleteCallback)
    HAL_PCD_ISOOUTIncompleteCallback         0x080026c5   Thumb Code    18  usbd_conf.o(i.HAL_PCD_ISOOUTIncompleteCallback)
    HAL_PCD_Init                             0x080026d7   Thumb Code   356  stm32l4xx_hal_pcd.o(i.HAL_PCD_Init)
    HAL_PCD_MspInit                          0x0800283d   Thumb Code   114  stm32l4xx_hal_msp.o(i.HAL_PCD_MspInit)
    HAL_PCD_ResetCallback                    0x080028b5   Thumb Code    24  usbd_conf.o(i.HAL_PCD_ResetCallback)
    HAL_PCD_ResumeCallback                   0x080028cd   Thumb Code    14  usbd_conf.o(i.HAL_PCD_ResumeCallback)
    HAL_PCD_SOFCallback                      0x080028db   Thumb Code    14  usbd_conf.o(i.HAL_PCD_SOFCallback)
    HAL_PCD_SetAddress                       0x080028e9   Thumb Code    54  stm32l4xx_hal_pcd.o(i.HAL_PCD_SetAddress)
    HAL_PCD_SetupStageCallback               0x0800291f   Thumb Code    18  usbd_conf.o(i.HAL_PCD_SetupStageCallback)
    HAL_PCD_Start                            0x08002931   Thumb Code    52  stm32l4xx_hal_pcd.o(i.HAL_PCD_Start)
    HAL_PCD_SuspendCallback                  0x08002965   Thumb Code    14  usbd_conf.o(i.HAL_PCD_SuspendCallback)
    HAL_PWREx_EnableVddIO2                   0x08002975   Thumb Code    14  stm32l4xx_hal_pwr_ex.o(i.HAL_PWREx_EnableVddIO2)
    HAL_PWREx_EnableVddUSB                   0x08002989   Thumb Code    14  stm32l4xx_hal_pwr_ex.o(i.HAL_PWREx_EnableVddUSB)
    HAL_PWREx_GetVoltageRange                0x0800299d   Thumb Code    10  stm32l4xx_hal_pwr_ex.o(i.HAL_PWREx_GetVoltageRange)
    HAL_PWR_EnableBkUpAccess                 0x080029ad   Thumb Code    14  stm32l4xx_hal_pwr.o(i.HAL_PWR_EnableBkUpAccess)
    HAL_RCCEx_DisableLSECSS                  0x080029c1   Thumb Code    28  stm32l4xx_hal_rcc_ex.o(i.HAL_RCCEx_DisableLSECSS)
    HAL_RCCEx_EnableMSIPLLMode               0x080029e1   Thumb Code    14  stm32l4xx_hal_rcc_ex.o(i.HAL_RCCEx_EnableMSIPLLMode)
    HAL_RCCEx_PeriphCLKConfig                0x080029f5   Thumb Code  1230  stm32l4xx_hal_rcc_ex.o(i.HAL_RCCEx_PeriphCLKConfig)
    HAL_RCC_ClockConfig                      0x08002ec9   Thumb Code   470  stm32l4xx_hal_rcc.o(i.HAL_RCC_ClockConfig)
    HAL_RCC_GetHCLKFreq                      0x080030b1   Thumb Code     6  stm32l4xx_hal_rcc.o(i.HAL_RCC_GetHCLKFreq)
    HAL_RCC_GetSysClockFreq                  0x080030bd   Thumb Code   356  stm32l4xx_hal_rcc.o(i.HAL_RCC_GetSysClockFreq)
    HAL_RCC_OscConfig                        0x0800322d   Thumb Code  1598  stm32l4xx_hal_rcc.o(i.HAL_RCC_OscConfig)
    HAL_SPI_Init                             0x08003879   Thumb Code   192  stm32l4xx_hal_spi.o(i.HAL_SPI_Init)
    HAL_SPI_MspInit                          0x08003939   Thumb Code   402  sensortile_bluenrg.o(i.HAL_SPI_MspInit)
    HAL_SPI_TransmitReceive                  0x08003ae1   Thumb Code   648  stm32l4xx_hal_spi.o(i.HAL_SPI_TransmitReceive)
    HAL_SYSTICK_Config                       0x08003d6f   Thumb Code    52  stm32l4xx_hal_cortex.o(i.HAL_SYSTICK_Config)
    HAL_TIMEx_BreakCallback                  0x08003da3   Thumb Code     2  stm32l4xx_hal_tim_ex.o(i.HAL_TIMEx_BreakCallback)
    HAL_TIMEx_CommutationCallback            0x08003da5   Thumb Code     2  stm32l4xx_hal_tim_ex.o(i.HAL_TIMEx_CommutationCallback)
    HAL_TIM_Base_Init                        0x08003da7   Thumb Code    52  stm32l4xx_hal_tim.o(i.HAL_TIM_Base_Init)
    HAL_TIM_Base_MspInit                     0x08003ddd   Thumb Code   112  stm32l4xx_hal_msp.o(i.HAL_TIM_Base_MspInit)
    HAL_TIM_Base_Start_IT                    0x08003e59   Thumb Code    30  stm32l4xx_hal_tim.o(i.HAL_TIM_Base_Start_IT)
    HAL_TIM_IC_CaptureCallback               0x08003e77   Thumb Code     2  stm32l4xx_hal_tim.o(i.HAL_TIM_IC_CaptureCallback)
    HAL_TIM_IRQHandler                       0x08003e79   Thumb Code   406  stm32l4xx_hal_tim.o(i.HAL_TIM_IRQHandler)
    HAL_TIM_OC_ConfigChannel                 0x0800400f   Thumb Code   148  stm32l4xx_hal_tim.o(i.HAL_TIM_OC_ConfigChannel)
    HAL_TIM_OC_DelayElapsedCallback          0x080040a5   Thumb Code    42  main.o(i.HAL_TIM_OC_DelayElapsedCallback)
    HAL_TIM_OC_Init                          0x080040d9   Thumb Code    52  stm32l4xx_hal_tim.o(i.HAL_TIM_OC_Init)
    HAL_TIM_OC_MspInit                       0x0800410d   Thumb Code    50  stm32l4xx_hal_msp.o(i.HAL_TIM_OC_MspInit)
    HAL_TIM_OC_Start_IT                      0x08004145   Thumb Code   168  stm32l4xx_hal_tim.o(i.HAL_TIM_OC_Start_IT)
    HAL_TIM_OC_Stop_IT                       0x08004201   Thumb Code   220  stm32l4xx_hal_tim.o(i.HAL_TIM_OC_Stop_IT)
    HAL_TIM_PWM_PulseFinishedCallback        0x080042f1   Thumb Code     2  stm32l4xx_hal_tim.o(i.HAL_TIM_PWM_PulseFinishedCallback)
    HAL_TIM_PeriodElapsedCallback            0x080042f5   Thumb Code    18  main.o(i.HAL_TIM_PeriodElapsedCallback)
    HAL_TIM_ReadCapturedValue                0x0800430d   Thumb Code    84  stm32l4xx_hal_tim.o(i.HAL_TIM_ReadCapturedValue)
    HAL_TIM_TriggerCallback                  0x08004361   Thumb Code     2  stm32l4xx_hal_tim.o(i.HAL_TIM_TriggerCallback)
    HCI_Event_CB                             0x08004365   Thumb Code   146  sensor_service.o(i.HCI_Event_CB)
    HCI_Init                                 0x080043fd   Thumb Code    48  hci.o(i.HCI_Init)
    HCI_Isr                                  0x08004439   Thumb Code   110  hci.o(i.HCI_Isr)
    HCI_Process                              0x080044b1   Thumb Code    74  hci.o(i.HCI_Process)
    HCI_Queue_Empty                          0x08004505   Thumb Code    10  hci.o(i.HCI_Queue_Empty)
    HCI_verify                               0x08004515   Thumb Code    36  hci.o(i.HCI_verify)
    Hal_Write_Serial                         0x08004539   Thumb Code    56  sensortile_bluenrg.o(i.Hal_Write_Serial)
    HardFault_Handler                        0x08004575   Thumb Code     4  stm32l4xx_it.o(i.HardFault_Handler)
    InitTargetPlatform                       0x08004a21   Thumb Code   112  targetplatform.o(i.InitTargetPlatform)
    LED_Update                               0x08004e15   Thumb Code   122  sensor_service.o(i.LED_Update)
    LedOffTargetPlatform                     0x08004edd   Thumb Code    10  targetplatform.o(i.LedOffTargetPlatform)
    LedOnTargetPlatform                      0x08004ee7   Thumb Code    10  targetplatform.o(i.LedOnTargetPlatform)
    MemManage_Handler                        0x08004ef1   Thumb Code     4  stm32l4xx_it.o(i.MemManage_Handler)
    NMI_Handler                              0x08004ef5   Thumb Code     2  stm32l4xx_it.o(i.NMI_Handler)
    OTG_FS_IRQHandler                        0x08004f31   Thumb Code    10  stm32l4xx_it.o(i.OTG_FS_IRQHandler)
    Osal_MemCpy                              0x08004f41   Thumb Code    20  osal.o(i.Osal_MemCpy)
    Osal_MemSet                              0x08004f55   Thumb Code    20  osal.o(i.Osal_MemSet)
    PendSV_Handler                           0x08005023   Thumb Code     2  stm32l4xx_it.o(i.PendSV_Handler)
    Read_Request_CB                          0x0800545d   Thumb Code   532  sensor_service.o(i.Read_Request_CB)
    SVC_Handler                              0x0800584f   Thumb Code     2  stm32l4xx_it.o(i.SVC_Handler)
    Sensor_IO_I2C_Read                       0x08005c19   Thumb Code    32  sensortile.o(i.Sensor_IO_I2C_Read)
    Sensor_IO_I2C_Write                      0x08005c39   Thumb Code    32  sensortile.o(i.Sensor_IO_I2C_Write)
    Sensor_IO_SPI_CS_Init_All                0x08005c59   Thumb Code   268  sensortile.o(i.Sensor_IO_SPI_CS_Init_All)
    Stderr_Update                            0x08005d71   Thumb Code    96  sensor_service.o(i.Stderr_Update)
    SysTick_Handler                          0x08005e15   Thumb Code     8  stm32l4xx_it.o(i.SysTick_Handler)
    SystemInit                               0x08005ee5   Thumb Code    68  system_stm32l4xx.o(i.SystemInit)
    TIM1_CC_IRQHandler                       0x08005f35   Thumb Code    10  stm32l4xx_it.o(i.TIM1_CC_IRQHandler)
    TIM3_IRQHandler                          0x08005f45   Thumb Code    10  stm32l4xx_it.o(i.TIM3_IRQHandler)
    TIM_Base_SetConfig                       0x08005f55   Thumb Code   160  stm32l4xx_hal_tim.o(i.TIM_Base_SetConfig)
    TIM_CCxChannelCmd                        0x08006015   Thumb Code    28  stm32l4xx_hal_tim.o(i.TIM_CCxChannelCmd)
    TIM_OC2_SetConfig                        0x080060e1   Thumb Code   162  stm32l4xx_hal_tim.o(i.TIM_OC2_SetConfig)
    Term_Update                              0x080063bd   Thumb Code   118  sensor_service.o(i.Term_Update)
    Timer_Expired                            0x08006501   Thumb Code    28  gp_timer.o(i.Timer_Expired)
    Timer_Set                                0x0800651d   Thumb Code    16  gp_timer.o(i.Timer_Set)
    USBD_CDC_GetDeviceQualifierDescriptor    0x080065ed   Thumb Code    10  usbd_cdc.o(i.USBD_CDC_GetDeviceQualifierDescriptor)
    USBD_CDC_RegisterInterface               0x080066d3   Thumb Code    14  usbd_cdc.o(i.USBD_CDC_RegisterInterface)
    USBD_CDC_SetRxBuffer                     0x080066e1   Thumb Code    14  usbd_cdc.o(i.USBD_CDC_SetRxBuffer)
    USBD_CDC_SetTxBuffer                     0x080066ef   Thumb Code    20  usbd_cdc.o(i.USBD_CDC_SetTxBuffer)
    USBD_CDC_TransmitPacket                  0x08006795   Thumb Code    56  usbd_cdc.o(i.USBD_CDC_TransmitPacket)
    USBD_ClrClassConfig                      0x080067cd   Thumb Code    22  usbd_core.o(i.USBD_ClrClassConfig)
    USBD_CtlContinueRx                       0x08006827   Thumb Code    24  usbd_ioreq.o(i.USBD_CtlContinueRx)
    USBD_CtlContinueSendData                 0x0800683f   Thumb Code    24  usbd_ioreq.o(i.USBD_CtlContinueSendData)
    USBD_CtlError                            0x08006857   Thumb Code    24  usbd_ctlreq.o(i.USBD_CtlError)
    USBD_CtlPrepareRx                        0x0800686f   Thumb Code    40  usbd_ioreq.o(i.USBD_CtlPrepareRx)
    USBD_CtlReceiveStatus                    0x08006897   Thumb Code    26  usbd_ioreq.o(i.USBD_CtlReceiveStatus)
    USBD_CtlSendData                         0x080068b1   Thumb Code    34  usbd_ioreq.o(i.USBD_CtlSendData)
    USBD_CtlSendStatus                       0x080068d3   Thumb Code    26  usbd_ioreq.o(i.USBD_CtlSendStatus)
    USBD_GetString                           0x08006add   Thumb Code    82  usbd_ctlreq.o(i.USBD_GetString)
    USBD_Init                                0x08006b2f   Thumb Code    50  usbd_core.o(i.USBD_Init)
    USBD_LL_ClearStallEP                     0x08006b61   Thumb Code    20  usbd_conf.o(i.USBD_LL_ClearStallEP)
    USBD_LL_CloseEP                          0x08006b75   Thumb Code    20  usbd_conf.o(i.USBD_LL_CloseEP)
    USBD_LL_DataInStage                      0x08006b89   Thumb Code   218  usbd_core.o(i.USBD_LL_DataInStage)
    USBD_LL_DataOutStage                     0x08006c63   Thumb Code   134  usbd_core.o(i.USBD_LL_DataOutStage)
    USBD_LL_DevConnected                     0x08006ce9   Thumb Code     6  usbd_core.o(i.USBD_LL_DevConnected)
    USBD_LL_DevDisconnected                  0x08006cef   Thumb Code    26  usbd_core.o(i.USBD_LL_DevDisconnected)
    USBD_LL_GetRxDataSize                    0x08006d09   Thumb Code    18  usbd_conf.o(i.USBD_LL_GetRxDataSize)
    USBD_LL_Init                             0x08006d1d   Thumb Code    96  usbd_conf.o(i.USBD_LL_Init)
    USBD_LL_IsStallEP                        0x08006d81   Thumb Code    56  usbd_conf.o(i.USBD_LL_IsStallEP)
    USBD_LL_IsoINIncomplete                  0x08006db9   Thumb Code     6  usbd_core.o(i.USBD_LL_IsoINIncomplete)
    USBD_LL_IsoOUTIncomplete                 0x08006dbf   Thumb Code     6  usbd_core.o(i.USBD_LL_IsoOUTIncomplete)
    USBD_LL_OpenEP                           0x08006dc5   Thumb Code    32  usbd_conf.o(i.USBD_LL_OpenEP)
    USBD_LL_PrepareReceive                   0x08006de5   Thumb Code    32  usbd_conf.o(i.USBD_LL_PrepareReceive)
    USBD_LL_Reset                            0x08006e05   Thumb Code    68  usbd_core.o(i.USBD_LL_Reset)
    USBD_LL_Resume                           0x08006e49   Thumb Code    14  usbd_core.o(i.USBD_LL_Resume)
    USBD_LL_SOF                              0x08006e57   Thumb Code    34  usbd_core.o(i.USBD_LL_SOF)
    USBD_LL_SetSpeed                         0x08006e79   Thumb Code     8  usbd_core.o(i.USBD_LL_SetSpeed)
    USBD_LL_SetUSBAddress                    0x08006e81   Thumb Code    20  usbd_conf.o(i.USBD_LL_SetUSBAddress)
    USBD_LL_SetupStage                       0x08006e95   Thumb Code   110  usbd_core.o(i.USBD_LL_SetupStage)
    USBD_LL_StallEP                          0x08006f03   Thumb Code    20  usbd_conf.o(i.USBD_LL_StallEP)
    USBD_LL_Start                            0x08006f17   Thumb Code    16  usbd_conf.o(i.USBD_LL_Start)
    USBD_LL_Suspend                          0x08006f27   Thumb Code    20  usbd_core.o(i.USBD_LL_Suspend)
    USBD_LL_Transmit                         0x08006f3b   Thumb Code    32  usbd_conf.o(i.USBD_LL_Transmit)
    USBD_ParseSetupRequest                   0x08006f5b   Thumb Code    40  usbd_ctlreq.o(i.USBD_ParseSetupRequest)
    USBD_RegisterClass                       0x08006f83   Thumb Code    16  usbd_core.o(i.USBD_RegisterClass)
    USBD_RunTestMode                         0x08006f93   Thumb Code     6  usbd_core.o(i.USBD_RunTestMode)
    USBD_SetClassConfig                      0x08006fed   Thumb Code    34  usbd_core.o(i.USBD_SetClassConfig)
    USBD_Start                               0x08007115   Thumb Code    14  usbd_core.o(i.USBD_Start)
    USBD_StdDevReq                           0x08007123   Thumb Code   114  usbd_ctlreq.o(i.USBD_StdDevReq)
    USBD_StdEPReq                            0x08007195   Thumb Code   342  usbd_ctlreq.o(i.USBD_StdEPReq)
    USBD_StdItfReq                           0x080072eb   Thumb Code    74  usbd_ctlreq.o(i.USBD_StdItfReq)
    USBD_VCP_ConfigStrDescriptor             0x08007335   Thumb Code    20  usbd_desc.o(i.USBD_VCP_ConfigStrDescriptor)
    USBD_VCP_DeviceDescriptor                0x08007359   Thumb Code    10  usbd_desc.o(i.USBD_VCP_DeviceDescriptor)
    USBD_VCP_InterfaceStrDescriptor          0x08007369   Thumb Code    20  usbd_desc.o(i.USBD_VCP_InterfaceStrDescriptor)
    USBD_VCP_LangIDStrDescriptor             0x08007391   Thumb Code    10  usbd_desc.o(i.USBD_VCP_LangIDStrDescriptor)
    USBD_VCP_ManufacturerStrDescriptor       0x080073a1   Thumb Code    20  usbd_desc.o(i.USBD_VCP_ManufacturerStrDescriptor)
    USBD_VCP_ProductStrDescriptor            0x080073cd   Thumb Code    20  usbd_desc.o(i.USBD_VCP_ProductStrDescriptor)
    USBD_VCP_SerialStrDescriptor             0x08007409   Thumb Code    18  usbd_desc.o(i.USBD_VCP_SerialStrDescriptor)
    USB_ActivateEndpoint                     0x08007421   Thumb Code   192  stm32l4xx_ll_usb.o(i.USB_ActivateEndpoint)
    USB_ActivateSetup                        0x080074e5   Thumb Code    68  stm32l4xx_ll_usb.o(i.USB_ActivateSetup)
    USB_CoreInit                             0x08007529   Thumb Code    28  stm32l4xx_ll_usb.o(i.USB_CoreInit)
    USB_DeactivateEndpoint                   0x08007591   Thumb Code   162  stm32l4xx_ll_usb.o(i.USB_DeactivateEndpoint)
    USB_DevConnect                           0x08007639   Thumb Code    30  stm32l4xx_ll_usb.o(i.USB_DevConnect)
    USB_DevDisconnect                        0x08007657   Thumb Code    30  stm32l4xx_ll_usb.o(i.USB_DevDisconnect)
    USB_DevInit                              0x08007675   Thumb Code   382  stm32l4xx_ll_usb.o(i.USB_DevInit)
    USB_DisableGlobalInt                     0x08007805   Thumb Code    14  stm32l4xx_ll_usb.o(i.USB_DisableGlobalInt)
    USB_EP0StartXfer                         0x08007815   Thumb Code   384  stm32l4xx_ll_usb.o(i.USB_EP0StartXfer)
    USB_EP0_OutStart                         0x08007999   Thumb Code    50  stm32l4xx_ll_usb.o(i.USB_EP0_OutStart)
    USB_EPClearStall                         0x080079cb   Thumb Code   136  stm32l4xx_ll_usb.o(i.USB_EPClearStall)
    USB_EPSetStall                           0x08007a53   Thumb Code   140  stm32l4xx_ll_usb.o(i.USB_EPSetStall)
    USB_EPStartXfer                          0x08007ae1   Thumb Code   676  stm32l4xx_ll_usb.o(i.USB_EPStartXfer)
    USB_EnableGlobalInt                      0x08007d89   Thumb Code    14  stm32l4xx_ll_usb.o(i.USB_EnableGlobalInt)
    USB_FlushRxFifo                          0x08007d99   Thumb Code    38  stm32l4xx_ll_usb.o(i.USB_FlushRxFifo)
    USB_FlushTxFifo                          0x08007dc5   Thumb Code    44  stm32l4xx_ll_usb.o(i.USB_FlushTxFifo)
    USB_GetMode                              0x08007df5   Thumb Code    10  stm32l4xx_ll_usb.o(i.USB_GetMode)
    USB_ReadDevAllInEpInterrupt              0x08007dff   Thumb Code    18  stm32l4xx_ll_usb.o(i.USB_ReadDevAllInEpInterrupt)
    USB_ReadDevAllOutEpInterrupt             0x08007e11   Thumb Code    18  stm32l4xx_ll_usb.o(i.USB_ReadDevAllOutEpInterrupt)
    USB_ReadDevInEPInterrupt                 0x08007e23   Thumb Code    50  stm32l4xx_ll_usb.o(i.USB_ReadDevInEPInterrupt)
    USB_ReadDevOutEPInterrupt                0x08007e55   Thumb Code    22  stm32l4xx_ll_usb.o(i.USB_ReadDevOutEPInterrupt)
    USB_ReadInterrupts                       0x08007e6b   Thumb Code    12  stm32l4xx_ll_usb.o(i.USB_ReadInterrupts)
    USB_ReadPacket                           0x08007e77   Thumb Code    40  stm32l4xx_ll_usb.o(i.USB_ReadPacket)
    USB_SetCurrentMode                       0x08007e9f   Thumb Code    48  stm32l4xx_ll_usb.o(i.USB_SetCurrentMode)
    USB_SetDevAddress                        0x08007ecf   Thumb Code    36  stm32l4xx_ll_usb.o(i.USB_SetDevAddress)
    USB_SetDevSpeed                          0x08007ef3   Thumb Code    16  stm32l4xx_ll_usb.o(i.USB_SetDevSpeed)
    USB_WritePacket                          0x08007f03   Thumb Code    56  stm32l4xx_ll_usb.o(i.USB_WritePacket)
    UsageFault_Handler                       0x08007f3b   Thumb Code     4  stm32l4xx_it.o(i.UsageFault_Handler)
    __0sprintf$8                             0x08007f41   Thumb Code    34  printf8.o(i.__0sprintf$8)
    __1sprintf$8                             0x08007f41   Thumb Code     0  printf8.o(i.__0sprintf$8)
    __2sprintf                               0x08007f41   Thumb Code     0  printf8.o(i.__0sprintf$8)
    __scatterload_copy                       0x08007f6f   Thumb Code    14  handlers.o(i.__scatterload_copy)
    __scatterload_null                       0x08007f7d   Thumb Code     2  handlers.o(i.__scatterload_null)
    __scatterload_zeroinit                   0x08007f7f   Thumb Code    14  handlers.o(i.__scatterload_zeroinit)
    aci_gap_set_discoverable                 0x08008407   Thumb Code   268  bluenrg_gap_aci.o(i.aci_gap_set_discoverable)
    aci_gap_update_adv_data                  0x08008519   Thumb Code   102  bluenrg_gap_aci.o(i.aci_gap_update_adv_data)
    aci_gatt_add_char                        0x0800857f   Thumb Code   224  bluenrg_gatt_aci.o(i.aci_gatt_add_char)
    aci_gatt_add_serv                        0x08008665   Thumb Code   160  bluenrg_gatt_aci.o(i.aci_gatt_add_serv)
    aci_gatt_allow_read                      0x08008705   Thumb Code    72  bluenrg_gatt_aci.o(i.aci_gatt_allow_read)
    aci_gatt_update_char_value               0x0800874d   Thumb Code   170  bluenrg_gatt_aci.o(i.aci_gatt_update_char_value)
    aci_get_updater_version                  0x080087f7   Thumb Code    76  bluenrg_updater_aci.o(i.aci_get_updater_version)
    aci_hal_tone_start                       0x08008843   Thumb Code    68  bluenrg_hal_aci.o(i.aci_hal_tone_start)
    aci_updater_erase_sector                 0x08008887   Thumb Code    70  bluenrg_updater_aci.o(i.aci_updater_erase_sector)
    aci_updater_program_data_block           0x080088cd   Thumb Code    98  bluenrg_updater_aci.o(i.aci_updater_program_data_block)
    aci_updater_read_data_block              0x0800892f   Thumb Code   100  bluenrg_updater_aci.o(i.aci_updater_read_data_block)
    aci_updater_start                        0x08008993   Thumb Code    54  bluenrg_updater_aci.o(i.aci_updater_start)
    free                                     0x080089c9   Thumb Code    76  malloc.o(i.free)
    getBlueNRGVersion                        0x08008a4d   Thumb Code    82  bluenrg_utils.o(i.getBlueNRGVersion)
    hci_le_read_local_version                0x08008a9f   Thumb Code   132  hci_le.o(i.hci_le_read_local_version)
    hci_le_set_scan_resp_data                0x08008b23   Thumb Code   106  hci_le.o(i.hci_le_set_scan_resp_data)
    hci_send_cmd                             0x08008b8d   Thumb Code    60  hci.o(i.hci_send_cmd)
    hci_send_req                             0x08008bc9   Thumb Code   438  hci.o(i.hci_send_req)
    hci_write                                0x08008d8f   Thumb Code    28  hci.o(i.hci_write)
    list_get_size                            0x08008dab   Thumb Code    40  ble_list.o(i.list_get_size)
    list_init_head                           0x08008dd3   Thumb Code     6  ble_list.o(i.list_init_head)
    list_insert_head                         0x08008dd9   Thumb Code    34  ble_list.o(i.list_insert_head)
    list_insert_tail                         0x08008dfb   Thumb Code    34  ble_list.o(i.list_insert_tail)
    list_is_empty                            0x08008e1d   Thumb Code    34  ble_list.o(i.list_is_empty)
    list_remove_head                         0x08008e3f   Thumb Code    42  ble_list.o(i.list_remove_head)
    list_remove_node                         0x08008e69   Thumb Code    32  ble_list.o(i.list_remove_node)
    list_remove_tail                         0x08008e89   Thumb Code    42  ble_list.o(i.list_remove_tail)
    main                                     0x08008eb5   Thumb Code   314  main.o(i.main)
    malloc                                   0x08009071   Thumb Code    92  malloc.o(i.malloc)
    program_IFR                              0x08009101   Thumb Code   296  bluenrg_utils.o(i.program_IFR)
    read_IFR                                 0x0800922d   Thumb Code    92  bluenrg_utils.o(i.read_IFR)
    setConnectable                           0x08009291   Thumb Code   248  sensor_service.o(i.setConnectable)
    set_irq_as_input                         0x080093b5   Thumb Code    48  sensortile_bluenrg.o(i.set_irq_as_input)
    set_irq_as_output                        0x080093ed   Thumb Code    42  sensortile_bluenrg.o(i.set_irq_as_output)
    IFR_config                               0x08009436   Data         192  bluenrg_ifr.o(.constdata)
    AHBPrescTable                            0x080094f8   Data          16  system_stm32l4xx.o(.constdata)
    APBPrescTable                            0x08009508   Data           8  system_stm32l4xx.o(.constdata)
    MSIRangeTable                            0x08009510   Data          48  system_stm32l4xx.o(.constdata)
    GPIO_PIN                                 0x08009540   Data           8  sensortile.o(.constdata)
    Region$$Table$$Base                      0x080095ac   Number         0  anon$$obj.o(Region$$Table)
    Region$$Table$$Limit                     0x080095cc   Number         0  anon$$obj.o(Region$$Table)
    ConnectionBleStatus                      0x20000000   Data           4  main.o(.data)
    BytesToWrite                             0x20000004   Data           4  main.o(.data)
    bdaddr                                   0x20000008   Data           6  main.o(.data)
    handle                                   0x20000018   Data           4  main.o(.data)
    ReadAddr                                 0x2000001c   Data           1  main.o(.data)
    pBuffer                                  0x20000020   Data           4  main.o(.data)
    nBytesToRead                             0x20000024   Data           2  main.o(.data)
    connected                                0x20000028   Data           4  sensor_service.o(.data)
    set_connectable                          0x2000002c   Data           1  sensor_service.o(.data)
    LineCoding                               0x20000048   Data           8  usbd_cdc_interface.o(.data)
    BuffLength                               0x20000050   Data           4  usbd_cdc_interface.o(.data)
    UserTxBufPtrIn                           0x20000054   Data           4  usbd_cdc_interface.o(.data)
    UserTxBufPtrOut                          0x20000058   Data           4  usbd_cdc_interface.o(.data)
    USB_RxBufferStart_idx                    0x2000005c   Data           2  usbd_cdc_interface.o(.data)
    USBD_CDC_fops                            0x20000060   Data          16  usbd_cdc_interface.o(.data)
    VCP_Desc                                 0x20000070   Data          28  usbd_desc.o(.data)
    USBD_DeviceDesc                          0x2000008c   Data          18  usbd_desc.o(.data)
    USBD_LangIDDesc                          0x200000a0   Data           4  usbd_desc.o(.data)
    USBD_StringSerial                        0x200000a4   Data          26  usbd_desc.o(.data)
    hciReadPktPool                           0x200000c0   Data           8  hci.o(.data)
    hciReadPktRxQueue                        0x200000c8   Data           8  hci.o(.data)
    uwTick                                   0x200000d4   Data           4  stm32l4xx_hal.o(.data)
    SystemCoreClock                          0x200000d8   Data           4  system_stm32l4xx.o(.data)
    GPIO_PORT                                0x200000e0   Data           8  sensortile.o(.data)
    SpixTimeout                              0x200000e8   Data           4  sensortile.o(.data)
    USBD_CDC                                 0x200000f8   Data          56  usbd_cdc.o(.data)
    USBD_CDC_CfgHSDesc                       0x20000130   Data          67  usbd_cdc.o(.data)
    USBD_CDC_CfgFSDesc                       0x20000174   Data          67  usbd_cdc.o(.data)
    USBD_CDC_OtherSpeedCfgDesc               0x200001b8   Data          67  usbd_cdc.o(.data)
    __microlib_freelist                      0x20000200   Data           4  mvars.o(.data)
    __microlib_freelist_initialised          0x20000204   Data           4  mvars.o(.data)
    BufferToWrite                            0x20000208   Data         256  main.o(.bss)
    TimCCHandle                              0x20000308   Data          60  main.o(.bss)
    TargetBoardFeatures                      0x2000036c   Data          52  targetplatform.o(.bss)
    USBD_Device                              0x200003a0   Data         548  targetplatform.o(.bss)
    UserRxBuffer                             0x200005c4   Data        2048  usbd_cdc_interface.o(.bss)
    UserTxBuffer                             0x20000dc4   Data        2048  usbd_cdc_interface.o(.bss)
    USB_RxBuffer                             0x200015c4   Data        2048  usbd_cdc_interface.o(.bss)
    TimHandle                                0x20001dc4   Data          60  usbd_cdc_interface.o(.bss)
    hpcd                                     0x20001e00   Data         972  usbd_conf.o(.bss)
    USBD_StrDesc                             0x200021cc   Data         256  usbd_desc.o(.bss)
    SPI_SD_Handle                            0x20002638   Data         100  sensortile.o(.bss)
    hdma_tx                                  0x2000269c   Data          72  sensortile.o(.bss)
    SpiHandle                                0x200026e4   Data         100  sensortile_bluenrg.o(.bss)
    __heap_base                              0x20002748   Data           0  startup_stm32l476xx.o(HEAP)
    __heap_limit                             0x20002f48   Data           0  startup_stm32l476xx.o(HEAP)
    __initial_sp                             0x2000af48   Data           0  startup_stm32l476xx.o(STACK)



==============================================================================

Memory Map of the image

  Image Entry point : 0x08000189

  Load Region LR_IROM1 (Base: 0x08000000, Size: 0x000097d4, Max: 0x00100000, ABSOLUTE, COMPRESSED[0x000096a0])

    Execution Region ER_IROM1 (Base: 0x08000000, Size: 0x000095cc, Max: 0x00100000, ABSOLUTE)

    Base Addr    Size         Type   Attr      Idx    E Section Name        Object

    0x08000000   0x00000188   Data   RO         1041    RESET               startup_stm32l476xx.o
    0x08000188   0x00000000   Code   RO         8560  * .ARM.Collect$$$$00000000  mc_w.l(entry.o)
    0x08000188   0x00000004   Code   RO         8866    .ARM.Collect$$$$00000001  mc_w.l(entry2.o)
    0x0800018c   0x00000004   Code   RO         8869    .ARM.Collect$$$$00000004  mc_w.l(entry5.o)
    0x08000190   0x00000000   Code   RO         8871    .ARM.Collect$$$$00000008  mc_w.l(entry7b.o)
    0x08000190   0x00000000   Code   RO         8873    .ARM.Collect$$$$0000000A  mc_w.l(entry8b.o)
    0x08000190   0x00000008   Code   RO         8874    .ARM.Collect$$$$0000000B  mc_w.l(entry9a.o)
    0x08000198   0x00000000   Code   RO         8876    .ARM.Collect$$$$0000000D  mc_w.l(entry10a.o)
    0x08000198   0x00000000   Code   RO         8878    .ARM.Collect$$$$0000000F  mc_w.l(entry11a.o)
    0x08000198   0x00000004   Code   RO         8867    .ARM.Collect$$$$00002712  mc_w.l(entry2.o)
    0x0800019c   0x00000024   Code   RO         1042    .text               startup_stm32l476xx.o
    0x080001c0   0x00000028   Code   RO         8563    .text               mc_w.l(memcpy.o)
    0x080001e8   0x00000024   Code   RO         8569    .text               mc_w.l(memseta.o)
    0x0800020c   0x0000001a   Code   RO         8571    .text               mc_w.l(memcmp.o)
    0x08000226   0x00000068   Code   RO         8885    .text               mc_w.l(uldiv.o)
    0x0800028e   0x00000002   PAD
    0x08000290   0x00000024   Code   RO         8900    .text               mc_w.l(init.o)
    0x080002b4   0x0000001e   Code   RO         8903    .text               mc_w.l(llshl.o)
    0x080002d2   0x00000020   Code   RO         8905    .text               mc_w.l(llushr.o)
    0x080002f2   0x00000056   Code   RO         8920    .text               mc_w.l(__dczerorl2.o)
    0x08000348   0x0000010c   Code   RO          383    i.Add_ConfigW2ST_Service  sensor_service.o
    0x08000454   0x00000218   Code   RO          384    i.Add_HWServW2ST_Service  sensor_service.o
    0x0800066c   0x00000280   Code   RO          385    i.Attribute_Modified_CB  sensor_service.o
    0x080008ec   0x00000048   Code   RO         7658    i.BNRG_SPI_Init     sensortile_bluenrg.o
    0x08000934   0x00000036   Code   RO         7772    i.BSP_HUMIDITY_Get_Hum  sensortile_humidity.o
    0x0800096a   0x00000018   Code   RO         7779    i.BSP_HUMIDITY_IsInitialized  sensortile_humidity.o
    0x08000982   0x00000002   PAD
    0x08000984   0x00000098   Code   RO         7384    i.BSP_LED_Init      sensortile.o
    0x08000a1c   0x00000040   Code   RO         7385    i.BSP_LED_Off       sensortile.o
    0x08000a5c   0x00000040   Code   RO         7386    i.BSP_LED_On        sensortile.o
    0x08000a9c   0x00000036   Code   RO         7906    i.BSP_PRESSURE_Get_Press  sensortile_pressure.o
    0x08000ad2   0x00000018   Code   RO         7911    i.BSP_PRESSURE_IsInitialized  sensortile_pressure.o
    0x08000aea   0x00000036   Code   RO         8035    i.BSP_TEMPERATURE_Get_Temp  sensortile_temperature.o
    0x08000b20   0x00000018   Code   RO         8040    i.BSP_TEMPERATURE_IsInitialized  sensortile_temperature.o
    0x08000b38   0x00000018   Code   RO         7659    i.BlueNRG_DataPresent  sensortile_bluenrg.o
    0x08000b50   0x00000018   Code   RO         7660    i.BlueNRG_HW_Bootloader  sensortile_bluenrg.o
    0x08000b68   0x00000028   Code   RO         7661    i.BlueNRG_RST       sensortile_bluenrg.o
    0x08000b90   0x000000a8   Code   RO         7662    i.BlueNRG_SPI_Read_All  sensortile_bluenrg.o
    0x08000c38   0x000000d0   Code   RO         7663    i.BlueNRG_SPI_Write  sensortile_bluenrg.o
    0x08000d08   0x00000004   Code   RO          567    i.BusFault_Handler  stm32l4xx_it.o
    0x08000d0c   0x00000038   Code   RO          725    i.CDC_Fill_Buffer   usbd_cdc_interface.o
    0x08000d44   0x000000a0   Code   RO          726    i.CDC_Itf_Control   usbd_cdc_interface.o
    0x08000de4   0x00000004   Code   RO          727    i.CDC_Itf_DeInit    usbd_cdc_interface.o
    0x08000de8   0x00000068   Code   RO          728    i.CDC_Itf_Init      usbd_cdc_interface.o
    0x08000e50   0x00000006   Code   RO          729    i.CDC_Itf_Receive   usbd_cdc_interface.o
    0x08000e56   0x00000002   PAD
    0x08000e58   0x00000034   Code   RO          730    i.CDC_TIM_Config    usbd_cdc_interface.o
    0x08000e8c   0x00000074   Code   RO          731    i.CDC_TIM_PeriodElapsedCallback  usbd_cdc_interface.o
    0x08000f00   0x0000000c   Code   RO         7664    i.Clear_SPI_EXTI_Flag  sensortile_bluenrg.o
    0x08000f0c   0x00000100   Code   RO          386    i.ConfigCommandParsing  sensor_service.o
    0x0800100c   0x000000d0   Code   RO          387    i.Config_Notify     sensor_service.o
    0x080010dc   0x00000002   Code   RO          568    i.DebugMon_Handler  stm32l4xx_it.o
    0x080010de   0x0000000a   Code   RO         7666    i.Disable_SPI_IRQ   sensortile_bluenrg.o
    0x080010e8   0x0000000a   Code   RO          569    i.EXTI9_5_IRQHandler  stm32l4xx_it.o
    0x080010f2   0x0000000a   Code   RO         7667    i.Enable_SPI_IRQ    sensortile_bluenrg.o
    0x080010fc   0x00000140   Code   RO          388    i.Environmental_Update  sensor_service.o
    0x0800123c   0x00000004   Code   RO            4    i.Error_Handler     main.o
    0x08001240   0x00000074   Code   RO          389    i.GAP_ConnectionComplete_CB  sensor_service.o
    0x080012b4   0x00000064   Code   RO          390    i.GAP_DisconnectionComplete_CB  sensor_service.o
    0x08001318   0x00000034   Code   RO          965    i.Get_SerialNum     usbd_desc.o
    0x0800134c   0x0000001c   Code   RO            5    i.HAL_Delay         main.o
    0x08001368   0x0000001c   Code   RO            6    i.HAL_GPIO_EXTI_Callback  main.o
    0x08001384   0x0000001c   Code   RO         3186    i.HAL_GPIO_EXTI_IRQHandler  stm32l4xx_hal_gpio.o
    0x080013a0   0x00000208   Code   RO         3187    i.HAL_GPIO_Init     stm32l4xx_hal_gpio.o
    0x080015a8   0x00000010   Code   RO         3189    i.HAL_GPIO_ReadPin  stm32l4xx_hal_gpio.o
    0x080015b8   0x0000000a   Code   RO         3191    i.HAL_GPIO_WritePin  stm32l4xx_hal_gpio.o
    0x080015c2   0x00000002   PAD
    0x080015c4   0x00000008   Code   RO         2407    i.HAL_GetHalVersion  stm32l4xx_hal.o
    0x080015cc   0x0000000c   Code   RO         2409    i.HAL_GetTick       stm32l4xx_hal.o
    0x080015d8   0x0000003c   Code   RO         3252    i.HAL_I2C_DeInit    stm32l4xx_hal_i2c.o
    0x08001614   0x00000008   Code   RO         3260    i.HAL_I2C_GetState  stm32l4xx_hal_i2c.o
    0x0800161c   0x000000c4   Code   RO         3261    i.HAL_I2C_Init      stm32l4xx_hal_i2c.o
    0x080016e0   0x000001c2   Code   RO         3277    i.HAL_I2C_Mem_Read  stm32l4xx_hal_i2c.o
    0x080018a2   0x00000002   PAD
    0x080018a4   0x000001be   Code   RO         3280    i.HAL_I2C_Mem_Write  stm32l4xx_hal_i2c.o
    0x08001a62   0x00000002   Code   RO         3283    i.HAL_I2C_MspDeInit  stm32l4xx_hal_i2c.o
    0x08001a64   0x00000002   Code   RO         3284    i.HAL_I2C_MspInit   stm32l4xx_hal_i2c.o
    0x08001a66   0x00000002   PAD
    0x08001a68   0x00000010   Code   RO         2413    i.HAL_IncTick       stm32l4xx_hal.o
    0x08001a78   0x00000016   Code   RO         2414    i.HAL_Init          stm32l4xx_hal.o
    0x08001a8e   0x00000002   PAD
    0x08001a90   0x00000028   Code   RO         2415    i.HAL_InitTick      stm32l4xx_hal.o
    0x08001ab8   0x00000002   Code   RO         2417    i.HAL_MspInit       stm32l4xx_hal.o
    0x08001aba   0x00000002   PAD
    0x08001abc   0x0000001c   Code   RO         2649    i.HAL_NVIC_DisableIRQ  stm32l4xx_hal_cortex.o
    0x08001ad8   0x0000001a   Code   RO         2650    i.HAL_NVIC_EnableIRQ  stm32l4xx_hal_cortex.o
    0x08001af2   0x00000082   Code   RO         2656    i.HAL_NVIC_SetPriority  stm32l4xx_hal_cortex.o
    0x08001b74   0x00000028   Code   RO         2657    i.HAL_NVIC_SetPriorityGrouping  stm32l4xx_hal_cortex.o
    0x08001b9c   0x00000016   Code   RO         5870    i.HAL_PCDEx_ActivateBCD  stm32l4xx_hal_pcd_ex.o
    0x08001bb2   0x00000002   PAD
    0x08001bb4   0x00000028   Code   RO         5871    i.HAL_PCDEx_ActivateLPM  stm32l4xx_hal_pcd_ex.o
    0x08001bdc   0x00000002   Code   RO         5876    i.HAL_PCDEx_LPM_Callback  stm32l4xx_hal_pcd_ex.o
    0x08001bde   0x0000000a   Code   RO         5877    i.HAL_PCDEx_SetRxFiFo  stm32l4xx_hal_pcd_ex.o
    0x08001be8   0x00000052   Code   RO         5878    i.HAL_PCDEx_SetTxFiFo  stm32l4xx_hal_pcd_ex.o
    0x08001c3a   0x0000000e   Code   RO          788    i.HAL_PCD_ConnectCallback  usbd_conf.o
    0x08001c48   0x00000020   Code   RO          789    i.HAL_PCD_DataInStageCallback  usbd_conf.o
    0x08001c68   0x00000020   Code   RO          790    i.HAL_PCD_DataOutStageCallback  usbd_conf.o
    0x08001c88   0x0000000e   Code   RO          791    i.HAL_PCD_DisconnectCallback  usbd_conf.o
    0x08001c96   0x0000006c   Code   RO         5664    i.HAL_PCD_EP_Close  stm32l4xx_hal_pcd.o
    0x08001d02   0x0000006a   Code   RO         5665    i.HAL_PCD_EP_ClrStall  stm32l4xx_hal_pcd.o
    0x08001d6c   0x00000018   Code   RO         5667    i.HAL_PCD_EP_GetRxCount  stm32l4xx_hal_pcd.o
    0x08001d84   0x0000007e   Code   RO         5668    i.HAL_PCD_EP_Open   stm32l4xx_hal_pcd.o
    0x08001e02   0x00000052   Code   RO         5669    i.HAL_PCD_EP_Receive  stm32l4xx_hal_pcd.o
    0x08001e54   0x0000007c   Code   RO         5670    i.HAL_PCD_EP_SetStall  stm32l4xx_hal_pcd.o
    0x08001ed0   0x00000054   Code   RO         5671    i.HAL_PCD_EP_Transmit  stm32l4xx_hal_pcd.o
    0x08001f24   0x0000078e   Code   RO         5673    i.HAL_PCD_IRQHandler  stm32l4xx_hal_pcd.o
    0x080026b2   0x00000012   Code   RO          792    i.HAL_PCD_ISOINIncompleteCallback  usbd_conf.o
    0x080026c4   0x00000012   Code   RO          793    i.HAL_PCD_ISOOUTIncompleteCallback  usbd_conf.o
    0x080026d6   0x00000164   Code   RO         5676    i.HAL_PCD_Init      stm32l4xx_hal_pcd.o
    0x0800283a   0x00000002   PAD
    0x0800283c   0x00000078   Code   RO          516    i.HAL_PCD_MspInit   stm32l4xx_hal_msp.o
    0x080028b4   0x00000018   Code   RO          794    i.HAL_PCD_ResetCallback  usbd_conf.o
    0x080028cc   0x0000000e   Code   RO          795    i.HAL_PCD_ResumeCallback  usbd_conf.o
    0x080028da   0x0000000e   Code   RO          796    i.HAL_PCD_SOFCallback  usbd_conf.o
    0x080028e8   0x00000036   Code   RO         5682    i.HAL_PCD_SetAddress  stm32l4xx_hal_pcd.o
    0x0800291e   0x00000012   Code   RO          797    i.HAL_PCD_SetupStageCallback  usbd_conf.o
    0x08002930   0x00000034   Code   RO         5684    i.HAL_PCD_Start     stm32l4xx_hal_pcd.o
    0x08002964   0x0000000e   Code   RO          798    i.HAL_PCD_SuspendCallback  usbd_conf.o
    0x08002972   0x00000002   PAD
    0x08002974   0x00000014   Code   RO         3872    i.HAL_PWREx_EnableVddIO2  stm32l4xx_hal_pwr_ex.o
    0x08002988   0x00000014   Code   RO         3873    i.HAL_PWREx_EnableVddUSB  stm32l4xx_hal_pwr_ex.o
    0x0800299c   0x00000010   Code   RO         3878    i.HAL_PWREx_GetVoltageRange  stm32l4xx_hal_pwr_ex.o
    0x080029ac   0x00000014   Code   RO         3739    i.HAL_PWR_EnableBkUpAccess  stm32l4xx_hal_pwr.o
    0x080029c0   0x00000020   Code   RO         4194    i.HAL_RCCEx_DisableLSECSS  stm32l4xx_hal_rcc_ex.o
    0x080029e0   0x00000014   Code   RO         4201    i.HAL_RCCEx_EnableMSIPLLMode  stm32l4xx_hal_rcc_ex.o
    0x080029f4   0x000004d4   Code   RO         4208    i.HAL_RCCEx_PeriphCLKConfig  stm32l4xx_hal_rcc_ex.o
    0x08002ec8   0x000001e8   Code   RO         4093    i.HAL_RCC_ClockConfig  stm32l4xx_hal_rcc.o
    0x080030b0   0x0000000c   Code   RO         4097    i.HAL_RCC_GetHCLKFreq  stm32l4xx_hal_rcc.o
    0x080030bc   0x00000170   Code   RO         4101    i.HAL_RCC_GetSysClockFreq  stm32l4xx_hal_rcc.o
    0x0800322c   0x0000064c   Code   RO         4104    i.HAL_RCC_OscConfig  stm32l4xx_hal_rcc.o
    0x08003878   0x000000c0   Code   RO         4376    i.HAL_SPI_Init      stm32l4xx_hal_spi.o
    0x08003938   0x000001a8   Code   RO         7668    i.HAL_SPI_MspInit   sensortile_bluenrg.o
    0x08003ae0   0x0000028e   Code   RO         4385    i.HAL_SPI_TransmitReceive  stm32l4xx_hal_spi.o
    0x08003d6e   0x00000034   Code   RO         2661    i.HAL_SYSTICK_Config  stm32l4xx_hal_cortex.o
    0x08003da2   0x00000002   Code   RO         5368    i.HAL_TIMEx_BreakCallback  stm32l4xx_hal_tim_ex.o
    0x08003da4   0x00000002   Code   RO         5369    i.HAL_TIMEx_CommutationCallback  stm32l4xx_hal_tim_ex.o
    0x08003da6   0x00000034   Code   RO         4718    i.HAL_TIM_Base_Init  stm32l4xx_hal_tim.o
    0x08003dda   0x00000002   PAD
    0x08003ddc   0x0000007c   Code   RO          517    i.HAL_TIM_Base_MspInit  stm32l4xx_hal_msp.o
    0x08003e58   0x0000001e   Code   RO         4723    i.HAL_TIM_Base_Start_IT  stm32l4xx_hal_tim.o
    0x08003e76   0x00000002   Code   RO         4747    i.HAL_TIM_IC_CaptureCallback  stm32l4xx_hal_tim.o
    0x08003e78   0x00000196   Code   RO         4760    i.HAL_TIM_IRQHandler  stm32l4xx_hal_tim.o
    0x0800400e   0x00000094   Code   RO         4761    i.HAL_TIM_OC_ConfigChannel  stm32l4xx_hal_tim.o
    0x080040a2   0x00000002   PAD
    0x080040a4   0x00000034   Code   RO            7    i.HAL_TIM_OC_DelayElapsedCallback  main.o
    0x080040d8   0x00000034   Code   RO         4765    i.HAL_TIM_OC_Init   stm32l4xx_hal_tim.o
    0x0800410c   0x00000038   Code   RO          518    i.HAL_TIM_OC_MspInit  stm32l4xx_hal_msp.o
    0x08004144   0x000000bc   Code   RO         4770    i.HAL_TIM_OC_Start_IT  stm32l4xx_hal_tim.o
    0x08004200   0x000000f0   Code   RO         4773    i.HAL_TIM_OC_Stop_IT  stm32l4xx_hal_tim.o
    0x080042f0   0x00000002   Code   RO         4790    i.HAL_TIM_PWM_PulseFinishedCallback  stm32l4xx_hal_tim.o
    0x080042f2   0x00000002   PAD
    0x080042f4   0x00000018   Code   RO            8    i.HAL_TIM_PeriodElapsedCallback  main.o
    0x0800430c   0x00000054   Code   RO         4798    i.HAL_TIM_ReadCapturedValue  stm32l4xx_hal_tim.o
    0x08004360   0x00000002   Code   RO         4801    i.HAL_TIM_TriggerCallback  stm32l4xx_hal_tim.o
    0x08004362   0x00000002   PAD
    0x08004364   0x00000098   Code   RO          391    i.HCI_Event_CB      sensor_service.o
    0x080043fc   0x0000003c   Code   RO         1049    i.HCI_Init          hci.o
    0x08004438   0x00000078   Code   RO         1050    i.HCI_Isr           hci.o
    0x080044b0   0x00000054   Code   RO         1051    i.HCI_Process       hci.o
    0x08004504   0x00000010   Code   RO         1052    i.HCI_Queue_Empty   hci.o
    0x08004514   0x00000024   Code   RO         1053    i.HCI_verify        hci.o
    0x08004538   0x0000003c   Code   RO         7669    i.Hal_Write_Serial  sensortile_bluenrg.o
    0x08004574   0x00000004   Code   RO          570    i.HardFault_Handler  stm32l4xx_it.o
    0x08004578   0x00000028   Code   RO         3303    i.I2C_Flush_TXDR    stm32l4xx_hal_i2c.o
    0x080045a0   0x0000008c   Code   RO         3311    i.I2C_IsAcknowledgeFailed  stm32l4xx_hal_i2c.o
    0x0800462c   0x0000008c   Code   RO         3314    i.I2C_RequestMemoryRead  stm32l4xx_hal_i2c.o
    0x080046b8   0x0000008c   Code   RO         3315    i.I2C_RequestMemoryWrite  stm32l4xx_hal_i2c.o
    0x08004744   0x00000014   Code   RO         7388    i.I2C_SENSORTILE_Error  sensortile.o
    0x08004758   0x00000048   Code   RO         7389    i.I2C_SENSORTILE_Init  sensortile.o
    0x080047a0   0x000000a8   Code   RO         7390    i.I2C_SENSORTILE_MspInit  sensortile.o
    0x08004848   0x0000004e   Code   RO         7391    i.I2C_SENSORTILE_ReadData  sensortile.o
    0x08004896   0x00000002   PAD
    0x08004898   0x0000004e   Code   RO         7392    i.I2C_SENSORTILE_WriteData  sensortile.o
    0x080048e6   0x00000002   PAD
    0x080048e8   0x00000030   Code   RO         3318    i.I2C_TransferConfig  stm32l4xx_hal_i2c.o
    0x08004918   0x00000056   Code   RO         3319    i.I2C_WaitOnFlagUntilTimeout  stm32l4xx_hal_i2c.o
    0x0800496e   0x00000056   Code   RO         3321    i.I2C_WaitOnSTOPFlagUntilTimeout  stm32l4xx_hal_i2c.o
    0x080049c4   0x0000005a   Code   RO         3322    i.I2C_WaitOnTXISFlagUntilTimeout  stm32l4xx_hal_i2c.o
    0x08004a1e   0x00000002   PAD
    0x08004a20   0x000000c8   Code   RO          677    i.InitTargetPlatform  targetplatform.o
    0x08004ae8   0x00000060   Code   RO            9    i.InitTimers        main.o
    0x08004b48   0x00000114   Code   RO           10    i.Init_BlueNRG_Custom_Services  main.o
    0x08004c5c   0x00000178   Code   RO           11    i.Init_BlueNRG_Stack  main.o
    0x08004dd4   0x0000003e   Code   RO          966    i.IntToUnicode      usbd_desc.o
    0x08004e12   0x00000002   PAD
    0x08004e14   0x000000c8   Code   RO          392    i.LED_Update        sensor_service.o
    0x08004edc   0x0000000a   Code   RO          679    i.LedOffTargetPlatform  targetplatform.o
    0x08004ee6   0x0000000a   Code   RO          680    i.LedOnTargetPlatform  targetplatform.o
    0x08004ef0   0x00000004   Code   RO          571    i.MemManage_Handler  stm32l4xx_it.o
    0x08004ef4   0x00000002   Code   RO          572    i.NMI_Handler       stm32l4xx_it.o
    0x08004ef6   0x00000002   PAD
    0x08004ef8   0x00000010   Code   RO         2663    i.NVIC_GetPriorityGrouping  stm32l4xx_hal_cortex.o
    0x08004f08   0x00000028   Code   RO         2664    i.NVIC_SetPriority  stm32l4xx_hal_cortex.o
    0x08004f30   0x00000010   Code   RO          573    i.OTG_FS_IRQHandler  stm32l4xx_it.o
    0x08004f40   0x00000014   Code   RO         1945    i.Osal_MemCpy       osal.o
    0x08004f54   0x00000014   Code   RO         1946    i.Osal_MemSet       osal.o
    0x08004f68   0x000000ba   Code   RO         5687    i.PCD_WriteEmptyTxFifo  stm32l4xx_hal_pcd.o
    0x08005022   0x00000002   Code   RO          574    i.PendSV_Handler    stm32l4xx_it.o
    0x08005024   0x000001ec   Code   RO         4211    i.RCCEx_PLLSAI1_Config  stm32l4xx_hal_rcc_ex.o
    0x08005210   0x000001ac   Code   RO         4212    i.RCCEx_PLLSAI2_Config  stm32l4xx_hal_rcc_ex.o
    0x080053bc   0x000000a0   Code   RO         4105    i.RCC_SetFlashLatencyFromMSIRange  stm32l4xx_hal_rcc.o
    0x0800545c   0x00000236   Code   RO          393    i.Read_Request_CB   sensor_service.o
    0x08005692   0x00000064   Code   RO         4414    i.SPI_EndRxTxTransaction  stm32l4xx_hal_spi.o
    0x080056f6   0x000000b0   Code   RO         4419    i.SPI_WaitFifoStateUntilTimeout  stm32l4xx_hal_spi.o
    0x080057a6   0x000000a8   Code   RO         4420    i.SPI_WaitFlagStateUntilTimeout  stm32l4xx_hal_spi.o
    0x0800584e   0x00000002   Code   RO          575    i.SVC_Handler       stm32l4xx_it.o
    0x08005850   0x000003c8   Code   RO           12    i.SendEnvironmentalData  main.o
    0x08005c18   0x00000020   Code   RO         7415    i.Sensor_IO_I2C_Read  sensortile.o
    0x08005c38   0x00000020   Code   RO         7416    i.Sensor_IO_I2C_Write  sensortile.o
    0x08005c58   0x00000118   Code   RO         7421    i.Sensor_IO_SPI_CS_Init_All  sensortile.o
    0x08005d70   0x00000070   Code   RO          394    i.Stderr_Update     sensor_service.o
    0x08005de0   0x00000034   Code   RO          395    i.Stderr_Update_AfterRead  sensor_service.o
    0x08005e14   0x00000008   Code   RO          576    i.SysTick_Handler   stm32l4xx_it.o
    0x08005e1c   0x000000c8   Code   RO           13    i.SystemClock_Config  main.o
    0x08005ee4   0x00000050   Code   RO         6243    i.SystemInit        system_stm32l4xx.o
    0x08005f34   0x00000010   Code   RO          577    i.TIM1_CC_IRQHandler  stm32l4xx_it.o
    0x08005f44   0x00000010   Code   RO          578    i.TIM3_IRQHandler   stm32l4xx_it.o
    0x08005f54   0x000000c0   Code   RO         4802    i.TIM_Base_SetConfig  stm32l4xx_hal_tim.o
    0x08006014   0x0000001c   Code   RO         4803    i.TIM_CCxChannelCmd  stm32l4xx_hal_tim.o
    0x08006030   0x000000b0   Code   RO         4811    i.TIM_OC1_SetConfig  stm32l4xx_hal_tim.o
    0x080060e0   0x000000bc   Code   RO         4812    i.TIM_OC2_SetConfig  stm32l4xx_hal_tim.o
    0x0800619c   0x000000b8   Code   RO         4813    i.TIM_OC3_SetConfig  stm32l4xx_hal_tim.o
    0x08006254   0x0000007c   Code   RO         4814    i.TIM_OC4_SetConfig  stm32l4xx_hal_tim.o
    0x080062d0   0x00000074   Code   RO         4815    i.TIM_OC5_SetConfig  stm32l4xx_hal_tim.o
    0x08006344   0x00000078   Code   RO         4816    i.TIM_OC6_SetConfig  stm32l4xx_hal_tim.o
    0x080063bc   0x000000a8   Code   RO          396    i.Term_Update       sensor_service.o
    0x08006464   0x0000009c   Code   RO          397    i.Term_Update_AfterRead  sensor_service.o
    0x08006500   0x0000001c   Code   RO         1900    i.Timer_Expired     gp_timer.o
    0x0800651c   0x00000010   Code   RO         1904    i.Timer_Set         gp_timer.o
    0x0800652c   0x0000001a   Code   RO         8161    i.USBD_CDC_DataIn   usbd_cdc.o
    0x08006546   0x00000034   Code   RO         8162    i.USBD_CDC_DataOut  usbd_cdc.o
    0x0800657a   0x00000040   Code   RO         8163    i.USBD_CDC_DeInit   usbd_cdc.o
    0x080065ba   0x00000032   Code   RO         8164    i.USBD_CDC_EP0_RxReady  usbd_cdc.o
    0x080065ec   0x00000010   Code   RO         8165    i.USBD_CDC_GetDeviceQualifierDescriptor  usbd_cdc.o
    0x080065fc   0x00000010   Code   RO         8166    i.USBD_CDC_GetFSCfgDesc  usbd_cdc.o
    0x0800660c   0x00000010   Code   RO         8167    i.USBD_CDC_GetHSCfgDesc  usbd_cdc.o
    0x0800661c   0x00000010   Code   RO         8168    i.USBD_CDC_GetOtherSpeedCfgDesc  usbd_cdc.o
    0x0800662c   0x000000a6   Code   RO         8169    i.USBD_CDC_Init     usbd_cdc.o
    0x080066d2   0x0000000e   Code   RO         8171    i.USBD_CDC_RegisterInterface  usbd_cdc.o
    0x080066e0   0x0000000e   Code   RO         8172    i.USBD_CDC_SetRxBuffer  usbd_cdc.o
    0x080066ee   0x00000014   Code   RO         8173    i.USBD_CDC_SetTxBuffer  usbd_cdc.o
    0x08006702   0x00000002   PAD
    0x08006704   0x00000090   Code   RO         8174    i.USBD_CDC_Setup    usbd_cdc.o
    0x08006794   0x00000038   Code   RO         8175    i.USBD_CDC_TransmitPacket  usbd_cdc.o
    0x080067cc   0x00000016   Code   RO         8270    i.USBD_ClrClassConfig  usbd_core.o
    0x080067e2   0x00000044   Code   RO         8408    i.USBD_ClrFeature   usbd_ctlreq.o
    0x08006826   0x00000018   Code   RO         8503    i.USBD_CtlContinueRx  usbd_ioreq.o
    0x0800683e   0x00000018   Code   RO         8504    i.USBD_CtlContinueSendData  usbd_ioreq.o
    0x08006856   0x00000018   Code   RO         8409    i.USBD_CtlError     usbd_ctlreq.o
    0x0800686e   0x00000028   Code   RO         8505    i.USBD_CtlPrepareRx  usbd_ioreq.o
    0x08006896   0x0000001a   Code   RO         8506    i.USBD_CtlReceiveStatus  usbd_ioreq.o
    0x080068b0   0x00000022   Code   RO         8507    i.USBD_CtlSendData  usbd_ioreq.o
    0x080068d2   0x0000001a   Code   RO         8508    i.USBD_CtlSendStatus  usbd_ioreq.o
    0x080068ec   0x00000050   Code   RO         8410    i.USBD_GetConfig    usbd_ctlreq.o
    0x0800693c   0x00000148   Code   RO         8411    i.USBD_GetDescriptor  usbd_ctlreq.o
    0x08006a84   0x00000014   Code   RO         8412    i.USBD_GetLen       usbd_ctlreq.o
    0x08006a98   0x00000044   Code   RO         8413    i.USBD_GetStatus    usbd_ctlreq.o
    0x08006adc   0x00000052   Code   RO         8414    i.USBD_GetString    usbd_ctlreq.o
    0x08006b2e   0x00000032   Code   RO         8272    i.USBD_Init         usbd_core.o
    0x08006b60   0x00000014   Code   RO          799    i.USBD_LL_ClearStallEP  usbd_conf.o
    0x08006b74   0x00000014   Code   RO          800    i.USBD_LL_CloseEP   usbd_conf.o
    0x08006b88   0x000000da   Code   RO         8273    i.USBD_LL_DataInStage  usbd_core.o
    0x08006c62   0x00000086   Code   RO         8274    i.USBD_LL_DataOutStage  usbd_core.o
    0x08006ce8   0x00000006   Code   RO         8275    i.USBD_LL_DevConnected  usbd_core.o
    0x08006cee   0x0000001a   Code   RO         8276    i.USBD_LL_DevDisconnected  usbd_core.o
    0x08006d08   0x00000012   Code   RO          804    i.USBD_LL_GetRxDataSize  usbd_conf.o
    0x08006d1a   0x00000002   PAD
    0x08006d1c   0x00000064   Code   RO          805    i.USBD_LL_Init      usbd_conf.o
    0x08006d80   0x00000038   Code   RO          806    i.USBD_LL_IsStallEP  usbd_conf.o
    0x08006db8   0x00000006   Code   RO         8277    i.USBD_LL_IsoINIncomplete  usbd_core.o
    0x08006dbe   0x00000006   Code   RO         8278    i.USBD_LL_IsoOUTIncomplete  usbd_core.o
    0x08006dc4   0x00000020   Code   RO          807    i.USBD_LL_OpenEP    usbd_conf.o
    0x08006de4   0x00000020   Code   RO          808    i.USBD_LL_PrepareReceive  usbd_conf.o
    0x08006e04   0x00000044   Code   RO         8279    i.USBD_LL_Reset     usbd_core.o
    0x08006e48   0x0000000e   Code   RO         8280    i.USBD_LL_Resume    usbd_core.o
    0x08006e56   0x00000022   Code   RO         8281    i.USBD_LL_SOF       usbd_core.o
    0x08006e78   0x00000008   Code   RO         8282    i.USBD_LL_SetSpeed  usbd_core.o
    0x08006e80   0x00000014   Code   RO          809    i.USBD_LL_SetUSBAddress  usbd_conf.o
    0x08006e94   0x0000006e   Code   RO         8283    i.USBD_LL_SetupStage  usbd_core.o
    0x08006f02   0x00000014   Code   RO          810    i.USBD_LL_StallEP   usbd_conf.o
    0x08006f16   0x00000010   Code   RO          811    i.USBD_LL_Start     usbd_conf.o
    0x08006f26   0x00000014   Code   RO         8284    i.USBD_LL_Suspend   usbd_core.o
    0x08006f3a   0x00000020   Code   RO          813    i.USBD_LL_Transmit  usbd_conf.o
    0x08006f5a   0x00000028   Code   RO         8415    i.USBD_ParseSetupRequest  usbd_ctlreq.o
    0x08006f82   0x00000010   Code   RO         8285    i.USBD_RegisterClass  usbd_core.o
    0x08006f92   0x00000006   Code   RO         8286    i.USBD_RunTestMode  usbd_core.o
    0x08006f98   0x00000054   Code   RO         8416    i.USBD_SetAddress   usbd_ctlreq.o
    0x08006fec   0x00000022   Code   RO         8287    i.USBD_SetClassConfig  usbd_core.o
    0x0800700e   0x00000002   PAD
    0x08007010   0x000000e0   Code   RO         8417    i.USBD_SetConfig    usbd_ctlreq.o
    0x080070f0   0x00000024   Code   RO         8418    i.USBD_SetFeature   usbd_ctlreq.o
    0x08007114   0x0000000e   Code   RO         8288    i.USBD_Start        usbd_core.o
    0x08007122   0x00000072   Code   RO         8419    i.USBD_StdDevReq    usbd_ctlreq.o
    0x08007194   0x00000156   Code   RO         8420    i.USBD_StdEPReq     usbd_ctlreq.o
    0x080072ea   0x0000004a   Code   RO         8421    i.USBD_StdItfReq    usbd_ctlreq.o
    0x08007334   0x00000024   Code   RO          967    i.USBD_VCP_ConfigStrDescriptor  usbd_desc.o
    0x08007358   0x00000010   Code   RO          968    i.USBD_VCP_DeviceDescriptor  usbd_desc.o
    0x08007368   0x00000028   Code   RO          969    i.USBD_VCP_InterfaceStrDescriptor  usbd_desc.o
    0x08007390   0x00000010   Code   RO          970    i.USBD_VCP_LangIDStrDescriptor  usbd_desc.o
    0x080073a0   0x0000002c   Code   RO          971    i.USBD_VCP_ManufacturerStrDescriptor  usbd_desc.o
    0x080073cc   0x0000003c   Code   RO          972    i.USBD_VCP_ProductStrDescriptor  usbd_desc.o
    0x08007408   0x00000018   Code   RO          973    i.USBD_VCP_SerialStrDescriptor  usbd_desc.o
    0x08007420   0x000000c4   Code   RO         5943    i.USB_ActivateEndpoint  stm32l4xx_ll_usb.o
    0x080074e4   0x00000044   Code   RO         5945    i.USB_ActivateSetup  stm32l4xx_ll_usb.o
    0x08007528   0x0000001c   Code   RO         5947    i.USB_CoreInit      stm32l4xx_ll_usb.o
    0x08007544   0x0000004c   Code   RO         5948    i.USB_CoreReset     stm32l4xx_ll_usb.o
    0x08007590   0x000000a8   Code   RO         5951    i.USB_DeactivateEndpoint  stm32l4xx_ll_usb.o
    0x08007638   0x0000001e   Code   RO         5952    i.USB_DevConnect    stm32l4xx_ll_usb.o
    0x08007656   0x0000001e   Code   RO         5953    i.USB_DevDisconnect  stm32l4xx_ll_usb.o
    0x08007674   0x00000190   Code   RO         5954    i.USB_DevInit       stm32l4xx_ll_usb.o
    0x08007804   0x0000000e   Code   RO         5955    i.USB_DisableGlobalInt  stm32l4xx_ll_usb.o
    0x08007812   0x00000002   PAD
    0x08007814   0x00000184   Code   RO         5958    i.USB_EP0StartXfer  stm32l4xx_ll_usb.o
    0x08007998   0x00000032   Code   RO         5959    i.USB_EP0_OutStart  stm32l4xx_ll_usb.o
    0x080079ca   0x00000088   Code   RO         5960    i.USB_EPClearStall  stm32l4xx_ll_usb.o
    0x08007a52   0x0000008c   Code   RO         5961    i.USB_EPSetStall    stm32l4xx_ll_usb.o
    0x08007ade   0x00000002   PAD
    0x08007ae0   0x000002a8   Code   RO         5962    i.USB_EPStartXfer   stm32l4xx_ll_usb.o
    0x08007d88   0x0000000e   Code   RO         5963    i.USB_EnableGlobalInt  stm32l4xx_ll_usb.o
    0x08007d96   0x00000002   PAD
    0x08007d98   0x0000002c   Code   RO         5964    i.USB_FlushRxFifo   stm32l4xx_ll_usb.o
    0x08007dc4   0x00000030   Code   RO         5965    i.USB_FlushTxFifo   stm32l4xx_ll_usb.o
    0x08007df4   0x0000000a   Code   RO         5969    i.USB_GetMode       stm32l4xx_ll_usb.o
    0x08007dfe   0x00000012   Code   RO         5976    i.USB_ReadDevAllInEpInterrupt  stm32l4xx_ll_usb.o
    0x08007e10   0x00000012   Code   RO         5977    i.USB_ReadDevAllOutEpInterrupt  stm32l4xx_ll_usb.o
    0x08007e22   0x00000032   Code   RO         5978    i.USB_ReadDevInEPInterrupt  stm32l4xx_ll_usb.o
    0x08007e54   0x00000016   Code   RO         5979    i.USB_ReadDevOutEPInterrupt  stm32l4xx_ll_usb.o
    0x08007e6a   0x0000000c   Code   RO         5980    i.USB_ReadInterrupts  stm32l4xx_ll_usb.o
    0x08007e76   0x00000028   Code   RO         5981    i.USB_ReadPacket    stm32l4xx_ll_usb.o
    0x08007e9e   0x00000030   Code   RO         5983    i.USB_SetCurrentMode  stm32l4xx_ll_usb.o
    0x08007ece   0x00000024   Code   RO         5984    i.USB_SetDevAddress  stm32l4xx_ll_usb.o
    0x08007ef2   0x00000010   Code   RO         5985    i.USB_SetDevSpeed   stm32l4xx_ll_usb.o
    0x08007f02   0x00000038   Code   RO         5988    i.USB_WritePacket   stm32l4xx_ll_usb.o
    0x08007f3a   0x00000004   Code   RO          579    i.UsageFault_Handler  stm32l4xx_it.o
    0x08007f3e   0x00000002   PAD
    0x08007f40   0x00000028   Code   RO         8786    i.__0sprintf$8      mc_w.l(printf8.o)
    0x08007f68   0x00000006   Code   RO         2058    i.__get_PRIMASK     ble_list.o
    0x08007f6e   0x0000000e   Code   RO         8914    i.__scatterload_copy  mc_w.l(handlers.o)
    0x08007f7c   0x00000002   Code   RO         8915    i.__scatterload_null  mc_w.l(handlers.o)
    0x08007f7e   0x0000000e   Code   RO         8916    i.__scatterload_zeroinit  mc_w.l(handlers.o)
    0x08007f8c   0x00000006   Code   RO         2059    i.__set_PRIMASK     ble_list.o
    0x08007f92   0x00000002   PAD
    0x08007f94   0x00000416   Code   RO         8791    i._printf_core      mc_w.l(printf8.o)
    0x080083aa   0x00000024   Code   RO         8792    i._printf_post_padding  mc_w.l(printf8.o)
    0x080083ce   0x0000002e   Code   RO         8793    i._printf_pre_padding  mc_w.l(printf8.o)
    0x080083fc   0x0000000a   Code   RO         8795    i._sputc            mc_w.l(printf8.o)
    0x08008406   0x00000112   Code   RO         1165    i.aci_gap_set_discoverable  bluenrg_gap_aci.o
    0x08008518   0x00000066   Code   RO         1185    i.aci_gap_update_adv_data  bluenrg_gap_aci.o
    0x0800857e   0x000000e6   Code   RO         1423    i.aci_gatt_add_char  bluenrg_gatt_aci.o
    0x08008664   0x000000a0   Code   RO         1425    i.aci_gatt_add_serv  bluenrg_gatt_aci.o
    0x08008704   0x00000048   Code   RO         1426    i.aci_gatt_allow_read  bluenrg_gatt_aci.o
    0x0800874c   0x000000aa   Code   RO         1452    i.aci_gatt_update_char_value  bluenrg_gatt_aci.o
    0x080087f6   0x0000004c   Code   RO         1815    i.aci_get_updater_version  bluenrg_updater_aci.o
    0x08008842   0x00000044   Code   RO         1706    i.aci_hal_tone_start  bluenrg_hal_aci.o
    0x08008886   0x00000046   Code   RO         1818    i.aci_updater_erase_sector  bluenrg_updater_aci.o
    0x080088cc   0x00000062   Code   RO         1820    i.aci_updater_program_data_block  bluenrg_updater_aci.o
    0x0800892e   0x00000064   Code   RO         1821    i.aci_updater_read_data_block  bluenrg_updater_aci.o
    0x08008992   0x00000036   Code   RO         1823    i.aci_updater_start  bluenrg_updater_aci.o
    0x080089c8   0x00000050   Code   RO         8838    i.free              mc_w.l(malloc.o)
    0x08008a18   0x00000034   Code   RO         1054    i.free_event_list   hci.o
    0x08008a4c   0x00000052   Code   RO         1972    i.getBlueNRGVersion  bluenrg_utils.o
    0x08008a9e   0x00000084   Code   RO         2192    i.hci_le_read_local_version  hci_le.o
    0x08008b22   0x0000006a   Code   RO         2203    i.hci_le_set_scan_resp_data  hci_le.o
    0x08008b8c   0x0000003c   Code   RO         1055    i.hci_send_cmd      hci.o
    0x08008bc8   0x000001c6   Code   RO         1056    i.hci_send_req      hci.o
    0x08008d8e   0x0000001c   Code   RO         1058    i.hci_write         hci.o
    0x08008daa   0x00000028   Code   RO         2062    i.list_get_size     ble_list.o
    0x08008dd2   0x00000006   Code   RO         2063    i.list_init_head    ble_list.o
    0x08008dd8   0x00000022   Code   RO         2064    i.list_insert_head  ble_list.o
    0x08008dfa   0x00000022   Code   RO         2067    i.list_insert_tail  ble_list.o
    0x08008e1c   0x00000022   Code   RO         2068    i.list_is_empty     ble_list.o
    0x08008e3e   0x0000002a   Code   RO         2069    i.list_remove_head  ble_list.o
    0x08008e68   0x00000020   Code   RO         2070    i.list_remove_node  ble_list.o
    0x08008e88   0x0000002a   Code   RO         2071    i.list_remove_tail  ble_list.o
    0x08008eb2   0x00000002   PAD
    0x08008eb4   0x000001bc   Code   RO           14    i.main              main.o
    0x08009070   0x0000006c   Code   RO         8839    i.malloc            mc_w.l(malloc.o)
    0x080090dc   0x00000024   Code   RO         1059    i.move_list         hci.o
    0x08009100   0x0000012c   Code   RO         1975    i.program_IFR       bluenrg_utils.o
    0x0800922c   0x00000064   Code   RO         1977    i.read_IFR          bluenrg_utils.o
    0x08009290   0x00000124   Code   RO          399    i.setConnectable    sensor_service.o
    0x080093b4   0x00000038   Code   RO         7670    i.set_irq_as_input  sensortile_bluenrg.o
    0x080093ec   0x00000030   Code   RO         7671    i.set_irq_as_output  sensortile_bluenrg.o
    0x0800941c   0x0000001a   Code   RO         7672    i.us150Delay        sensortile_bluenrg.o
    0x08009436   0x000000c0   Data   RO         2380    .constdata          bluenrg_ifr.o
    0x080094f6   0x00000002   PAD
    0x080094f8   0x00000048   Data   RO         6244    .constdata          system_stm32l4xx.o
    0x08009540   0x00000008   Data   RO         7427    .constdata          sensortile.o
    0x08009548   0x00000062   Data   RO           16    .conststring        main.o
    0x080095aa   0x00000002   PAD
    0x080095ac   0x00000020   Data   RO         8912    Region$$Table       anon$$obj.o


    Execution Region RW_IRAM2 (Base: 0x10000000, Size: 0x00000000, Max: 0x00008000, ABSOLUTE, UNINIT)

    **** No section assigned to this execution region ****


    Execution Region RW_IRAM1 (Base: 0x20000000, Size: 0x0000af48, Max: 0x00018000, ABSOLUTE, COMPRESSED[0x000000d4])

    Base Addr    Size         Type   Attr      Idx    E Section Name        Object

    0x20000000   0x00000026   Data   RW           17    .data               main.o
    0x20000026   0x00000002   PAD
    0x20000028   0x00000020   Data   RW          401    .data               sensor_service.o
    0x20000048   0x00000028   Data   RW          733    .data               usbd_cdc_interface.o
    0x20000070   0x0000004e   Data   RW          975    .data               usbd_desc.o
    0x200000be   0x00000002   PAD
    0x200000c0   0x00000012   Data   RW         1061    .data               hci.o
    0x200000d2   0x00000002   PAD
    0x200000d4   0x00000004   Data   RW         2430    .data               stm32l4xx_hal.o
    0x200000d8   0x00000004   Data   RW         6245    .data               system_stm32l4xx.o
    0x200000dc   0x00000010   Data   RW         7428    .data               sensortile.o
    0x200000ec   0x00000110   Data   RW         8176    .data               usbd_cdc.o
    0x200001fc   0x00000001   Data   RW         8422    .data               usbd_ctlreq.o
    0x200001fd   0x00000003   PAD
    0x20000200   0x00000004   Data   RW         8887    .data               mc_w.l(mvars.o)
    0x20000204   0x00000004   Data   RW         8888    .data               mc_w.l(mvars.o)
    0x20000208   0x0000013c   Zero   RW           15    .bss                main.o
    0x20000344   0x00000028   Zero   RW          400    .bss                sensor_service.o
    0x2000036c   0x00000258   Zero   RW          681    .bss                targetplatform.o
    0x200005c4   0x0000183c   Zero   RW          732    .bss                usbd_cdc_interface.o
    0x20001e00   0x000003cc   Zero   RW          814    .bss                usbd_conf.o
    0x200021cc   0x00000100   Zero   RW          974    .bss                usbd_desc.o
    0x200022cc   0x000002bc   Zero   RW         1060    .bss                hci.o
    0x20002588   0x0000015c   Zero   RW         7426    .bss                sensortile.o
    0x200026e4   0x00000064   Zero   RW         7673    .bss                sensortile_bluenrg.o
    0x20002748   0x00000800   Zero   RW         1040    HEAP                startup_stm32l476xx.o
    0x20002f48   0x00008000   Zero   RW         1039    STACK               startup_stm32l476xx.o


==============================================================================

Image component sizes


      Code (inc. data)   RO Data    RW Data    ZI Data      Debug   Object Name

       276          0          0          0          0      12396   ble_list.o
       376          0          0          0          0       3357   bluenrg_gap_aci.o
       632          0          0          0          0       5731   bluenrg_gatt_aci.o
        68          0          0          0          0        917   bluenrg_hal_aci.o
         0          0        192          0          0       2977   bluenrg_ifr.o
       398          0          0          0          0       5548   bluenrg_updater_aci.o
       482         12          0          0          0       5097   bluenrg_utils.o
        44          0          0          0          0       2056   gp_timer.o
       946         56          0         18        700      11223   hci.o
       238          0          0          0          0       2760   hci_le.o
      2496        586         98         38        316     905496   main.o
        40          0          0          0          0       1652   osal.o
      4142        720          0         32         40      16595   sensor_service.o
      1040         88          8         16        348       9944   sensortile.o
      1182         98          0          0        100      11628   sensortile_bluenrg.o
        78          0          0          0          0       2220   sensortile_humidity.o
        78          0          0          0          0       2222   sensortile_pressure.o
        78          0          0          0          0       2263   sensortile_temperature.o
        36          8        392          0      34816        860   startup_stm32l476xx.o
       100         18          0          4          0       5217   stm32l4xx_hal.o
       332         28          0          0          0      32281   stm32l4xx_hal_cortex.o
       574         40          0          0          0       4126   stm32l4xx_hal_gpio.o
      1934         24          0          0          0      15216   stm32l4xx_hal_i2c.o
       300         24          0          0          0       2506   stm32l4xx_hal_msp.o
      3236         50          0          0          0      12245   stm32l4xx_hal_pcd.o
       156          4          0          0          0       4233   stm32l4xx_hal_pcd_ex.o
        20          6          0          0          0        627   stm32l4xx_hal_pwr.o
        56         18          0          0          0       1906   stm32l4xx_hal_pwr_ex.o
      2640         76          0          0          0       6382   stm32l4xx_hal_rcc.o
      2208         52          0          0          0       5543   stm32l4xx_hal_rcc_ex.o
      1290          0          0          0          0       5929   stm32l4xx_hal_spi.o
      2334        222          0          0          0      15805   stm32l4xx_hal_tim.o
         4          0          0          0          0       1918   stm32l4xx_hal_tim_ex.o
        90         18          0          0          0       6798   stm32l4xx_it.o
      2836         52          0          0          0      22184   stm32l4xx_ll_usb.o
        80         12         72          4          0       1401   system_stm32l4xx.o
       220         88          0          0        600       3416   targetplatform.o
       670         30          0        272          0      13821   usbd_cdc.o
       498         64          0         40       6204       5860   usbd_cdc_interface.o
       578          4          0          0        972      15097   usbd_conf.o
       792          0          0          0          0      14389   usbd_core.o
      1584         30          0          1          0      12080   usbd_ctlreq.o
       350        128          0         78        256       7222   usbd_desc.o
       174          0          0          0          0       5292   usbd_ioreq.o

    ----------------------------------------------------------------------
     35742       2556        798        512      44352    1226436   Object Totals
         0          0         32          0          0          0   (incl. Generated)
        56          0          4          9          0          0   (incl. Padding)

    ----------------------------------------------------------------------

      Code (inc. data)   RO Data    RW Data    ZI Data      Debug   Library Member Name

        86          0          0          0          0          0   __dczerorl2.o
         0          0          0          0          0          0   entry.o
         0          0          0          0          0          0   entry10a.o
         0          0          0          0          0          0   entry11a.o
         8          4          0          0          0          0   entry2.o
         4          0          0          0          0          0   entry5.o
         0          0          0          0          0          0   entry7b.o
         0          0          0          0          0          0   entry8b.o
         8          4          0          0          0          0   entry9a.o
        30          0          0          0          0          0   handlers.o
        36          8          0          0          0         68   init.o
        30          0          0          0          0         68   llshl.o
        32          0          0          0          0         68   llushr.o
       188         20          0          0          0        160   malloc.o
        26          0          0          0          0         80   memcmp.o
        40          0          0          0          0         76   memcpy.o
        36          0          0          0          0        108   memseta.o
         0          0          0          8          0          0   mvars.o
      1178         50          0          0          0        420   printf8.o
       104          0          0          0          0         92   uldiv.o

    ----------------------------------------------------------------------
      1808         86          0          8          0       1140   Library Totals
         2          0          0          0          0          0   (incl. Padding)

    ----------------------------------------------------------------------

      Code (inc. data)   RO Data    RW Data    ZI Data      Debug   Library Name

      1806         86          0          8          0       1140   mc_w.l

    ----------------------------------------------------------------------
      1808         86          0          8          0       1140   Library Totals

    ----------------------------------------------------------------------

==============================================================================


      Code (inc. data)   RO Data    RW Data    ZI Data      Debug   

     37550       2642        798        520      44352    1195288   Grand Totals
     37550       2642        798        212      44352    1195288   ELF Image Totals (compressed)
     37550       2642        798        212          0          0   ROM Totals

==============================================================================

    Total RO  Size (Code + RO Data)                38348 (  37.45kB)
    Total RW  Size (RW Data + ZI Data)             44872 (  43.82kB)
    Total ROM Size (Code + RO Data + RW Data)      38560 (  37.66kB)

==============================================================================

