<html>
<body>
<pre>
<h1>µVision Build Log</h1>
<h2>Tool Versions:</h2>
IDE-Version: ¦ÌVision V5.17.0.0
Copyright (C) 2015 ARM Ltd and ARM Germany GmbH. All rights reserved.
License Information: han admin, 888, LIC=1WS74-FMJB4-PFHIX-HIZUD-K7DGZ-A1RWK
 
Tool Versions:
Toolchain:       MDK-ARM Professional  Version: 5.17
Toolchain Path:  C:\Keil_v5\ARM\ARMCC\Bin
C Compiler:      Armcc.exe V5.06 update 1 (build 61)
Assembler:       Armasm.exe V5.06 update 1 (build 61)
Linker/Locator:  ArmLink.exe V5.06 update 1 (build 61)
Library Manager: ArmAr.exe V5.06 update 1 (build 61)
Hex Converter:   FromElf.exe V5.06 update 1 (build 61)
CPU DLL:         SARMCM3.DLL V5.17
Dialog DLL:      DCM.DLL V1.13.4.0
Target DLL:      STLink\ST-LINKIII-KEIL_SWO.dll V2.0.18.0
Dialog DLL:      TCM.DLL V1.14.6.0
 
<h2>Project:</h2>
D:\project\EKG\FIRMWARE\STSW-STLKT01_V1.3.1_HAN\Projects\SensorTile\Applications\BLE_SampleApp\MDK-ARM\Project.uvprojx
Project File Date:  01/14/2018

<h2>Output:</h2>
*** Using Compiler 'V5.06 update 1 (build 61)', folder: 'C:\Keil_v5\ARM\ARMCC\Bin'
Build target 'STM32L476JG_SensorTile'
compiling stm32l4xx_hal_msp.c...
compiling sensor_service.c...
compiling main.c...
..\Src\main.c(407): warning:  #177-D: variable "IFR_config_tmp" was declared but never referenced
  	IFR_config_TypeDef IFR_config_tmp;
..\Src\main.c: 1 warning, 0 errors
compiling stm32l4xx_it.c...
compiling TargetPlatform.c...
..\Src\TargetPlatform.c(113): warning:  #177-D: function "Init_MEM1_Sensors" was declared but never referenced
  static void Init_MEM1_Sensors(void)
..\Src\TargetPlatform.c: 1 warning, 0 errors
compiling usbd_cdc_interface.c...
assembling startup_stm32l476xx.s...
compiling usbd_conf.c...
compiling usbd_desc.c...
compiling hci.c...
compiling bluenrg_gap_aci.c...
compiling bluenrg_hal_aci.c...
compiling bluenrg_gatt_aci.c...
compiling bluenrg_l2cap_aci.c...
compiling osal.c...
compiling gp_timer.c...
compiling bluenrg_updater_aci.c...
compiling bluenrg_utils.c...
compiling bluenrg_itf.c...
compiling bluenrg_IFR.c...
compiling ble_list.c...
compiling hci_le.c...
compiling stm32l4xx_hal.c...
compiling stm32l4xx_hal_adc.c...
compiling stm32l4xx_hal_adc_ex.c...
compiling stm32l4xx_hal_crc.c...
compiling stm32l4xx_hal_cortex.c...
compiling stm32l4xx_hal_crc_ex.c...
compiling stm32l4xx_hal_dma.c...
compiling stm32l4xx_hal_flash.c...
compiling stm32l4xx_hal_flash_ex.c...
compiling stm32l4xx_hal_gpio.c...
compiling stm32l4xx_hal_i2c_ex.c...
compiling stm32l4xx_hal_i2c.c...
compiling stm32l4xx_hal_pwr.c...
compiling stm32l4xx_hal_pwr_ex.c...
compiling stm32l4xx_hal_rcc.c...
compiling stm32l4xx_hal_rtc_ex.c...
compiling stm32l4xx_hal_rtc.c...
compiling stm32l4xx_hal_rcc_ex.c...
compiling stm32l4xx_hal_spi_ex.c...
compiling stm32l4xx_hal_spi.c...
compiling stm32l4xx_hal_tim.c...
compiling stm32l4xx_hal_tim_ex.c...
compiling stm32l4xx_hal_uart.c...
compiling stm32l4xx_hal_uart_ex.c...
compiling stm32l4xx_hal_pcd.c...
compiling stm32l4xx_hal_pcd_ex.c...
compiling HTS221_Driver.c...
compiling HTS221_Driver_HL.c...
compiling LPS22HB_Driver.c...
compiling stm32l4xx_ll_usb.c...
compiling LPS22HB_Driver_HL.c...
compiling system_stm32l4xx.c...
compiling SensorTile_BlueNRG.c...
compiling SensorTile.c...
compiling SensorTile_humidity.c...
compiling SensorTile_pressure.c...
compiling SensorTile_temperature.c...
compiling usbd_cdc.c...
compiling usbd_ctlreq.c...
compiling usbd_core.c...
compiling usbd_ioreq.c...
linking...
Program Size: Code=38612 RO-data=924 RW-data=520 ZI-data=44352  
FromELF: creating hex file...
After Build - User command #1: C:\Keil_v5\\ARM\ARMCC\bin\fromelf.exe --bin --output=BLE_SampleApp.bin .\STM32L476RG_NUCLEO\BLE_SampleApp.axf
".\STM32L476RG_NUCLEO\BLE_SampleApp.axf" - 0 Error(s), 2 Warning(s).

<h2>Software Packages used:</h2>

Package Vendor: ARM
                http://www.keil.com/pack/ARM.CMSIS.4.5.0.pack
                ARM::CMSIS:CORE:4.3.0
                CMSIS (Cortex Microcontroller Software Interface Standard)
   * Component: CORE Version: 4.3.0

<h2>Collection of Component include folders:</h2>
  D:\project\EKG\FIRMWARE\STSW-STLKT01_V1.3.1_HAN\Projects\SensorTile\Applications\BLE_SampleApp\MDK-ARM\RTE
  C:\Keil_v5\ARM\PACK\ARM\CMSIS\4.5.0\CMSIS\Include
  C:\Keil_v5\ARM\PACK\Keil\STM32L4xx_DFP\2.0.0\Drivers\CMSIS\Device\ST\STM32L4xx\Include

<h2>Collection of Component Files used:</h2>

   * Component: ARM::CMSIS:CORE:4.3.0
Build Time Elapsed:  00:03:05
</pre>
</body>
</html>
